Archive member included to satisfy reference by file (symbol)

d:/embedded/imt course/new folder/imt_arm_course/02- tools/03- imt sdk/imt_sdk_win_64/winarm/armgcc/bin/../lib/gcc/arm-none-eabi/7.2.1/thumb/v7e-m\libgcc.a(_arm_addsubdf3.o)
                              ./src/VOLT_Program.o (__aeabi_dadd)
d:/embedded/imt course/new folder/imt_arm_course/02- tools/03- imt sdk/imt_sdk_win_64/winarm/armgcc/bin/../lib/gcc/arm-none-eabi/7.2.1/thumb/v7e-m\libgcc.a(_arm_muldivdf3.o)
                              ./src/VOLT_Program.o (__aeabi_dmul)
d:/embedded/imt course/new folder/imt_arm_course/02- tools/03- imt sdk/imt_sdk_win_64/winarm/armgcc/bin/../lib/gcc/arm-none-eabi/7.2.1/thumb/v7e-m\libgcc.a(_arm_truncdfsf2.o)
                              ./src/VOLT_Program.o (__aeabi_d2f)
d:/embedded/imt course/new folder/imt_arm_course/02- tools/03- imt sdk/imt_sdk_win_64/winarm/armgcc/bin/../lib/gcc/arm-none-eabi/7.2.1/thumb/v7e-m\libgcc.a(_arm_addsubsf3.o)
                              ./src/VOLT_Program.o (__aeabi_ui2f)
d:/embedded/imt course/new folder/imt_arm_course/02- tools/03- imt sdk/imt_sdk_win_64/winarm/armgcc/bin/../lib/gcc/arm-none-eabi/7.2.1/thumb/v7e-m\libgcc.a(_arm_cmpsf2.o)
                              ./src/main.o (__aeabi_fcmple)
d:/embedded/imt course/new folder/imt_arm_course/02- tools/03- imt sdk/imt_sdk_win_64/winarm/armgcc/bin/../lib/gcc/arm-none-eabi/7.2.1/thumb/v7e-m\libgcc.a(_arm_fixsfsi.o)
                              ./src/main.o (__aeabi_f2iz)
d:/embedded/imt course/new folder/imt_arm_course/02- tools/03- imt sdk/imt_sdk_win_64/winarm/armgcc/bin/../lib/gcc/arm-none-eabi/7.2.1/../../../../arm-none-eabi/lib/thumb/v7e-m\libg_nano.a(lib_a-errno.o)
                              ./system/src/newlib/_sbrk.o (__errno)
d:/embedded/imt course/new folder/imt_arm_course/02- tools/03- imt sdk/imt_sdk_win_64/winarm/armgcc/bin/../lib/gcc/arm-none-eabi/7.2.1/../../../../arm-none-eabi/lib/thumb/v7e-m\libg_nano.a(lib_a-impure.o)
                              d:/embedded/imt course/new folder/imt_arm_course/02- tools/03- imt sdk/imt_sdk_win_64/winarm/armgcc/bin/../lib/gcc/arm-none-eabi/7.2.1/../../../../arm-none-eabi/lib/thumb/v7e-m\libg_nano.a(lib_a-errno.o) (_impure_ptr)
d:/embedded/imt course/new folder/imt_arm_course/02- tools/03- imt sdk/imt_sdk_win_64/winarm/armgcc/bin/../lib/gcc/arm-none-eabi/7.2.1/../../../../arm-none-eabi/lib/thumb/v7e-m\libg_nano.a(lib_a-itoa.o)
                              ./src/main.o (itoa)
d:/embedded/imt course/new folder/imt_arm_course/02- tools/03- imt sdk/imt_sdk_win_64/winarm/armgcc/bin/../lib/gcc/arm-none-eabi/7.2.1/../../../../arm-none-eabi/lib/thumb/v7e-m\libg_nano.a(lib_a-strlen.o)
                              ./system/src/diag/Trace.o (strlen)
d:/embedded/imt course/new folder/imt_arm_course/02- tools/03- imt sdk/imt_sdk_win_64/winarm/armgcc/bin/../lib/gcc/arm-none-eabi/7.2.1/../../../../arm-none-eabi/lib/thumb/v7e-m\libg_nano.a(lib_a-utoa.o)
                              d:/embedded/imt course/new folder/imt_arm_course/02- tools/03- imt sdk/imt_sdk_win_64/winarm/armgcc/bin/../lib/gcc/arm-none-eabi/7.2.1/../../../../arm-none-eabi/lib/thumb/v7e-m\libg_nano.a(lib_a-itoa.o) (__utoa)
d:/embedded/imt course/new folder/imt_arm_course/02- tools/03- imt sdk/imt_sdk_win_64/winarm/armgcc/bin/../lib/gcc/arm-none-eabi/7.2.1/../../../../arm-none-eabi/lib/thumb/v7e-m\libg_nano.a(lib_a-vsnprintf.o)
                              ./system/src/diag/Trace.o (vsnprintf)
d:/embedded/imt course/new folder/imt_arm_course/02- tools/03- imt sdk/imt_sdk_win_64/winarm/armgcc/bin/../lib/gcc/arm-none-eabi/7.2.1/../../../../arm-none-eabi/lib/thumb/v7e-m\libg_nano.a(lib_a-nano-svfprintf.o)
                              d:/embedded/imt course/new folder/imt_arm_course/02- tools/03- imt sdk/imt_sdk_win_64/winarm/armgcc/bin/../lib/gcc/arm-none-eabi/7.2.1/../../../../arm-none-eabi/lib/thumb/v7e-m\libg_nano.a(lib_a-vsnprintf.o) (_svfprintf_r)
d:/embedded/imt course/new folder/imt_arm_course/02- tools/03- imt sdk/imt_sdk_win_64/winarm/armgcc/bin/../lib/gcc/arm-none-eabi/7.2.1/../../../../arm-none-eabi/lib/thumb/v7e-m\libg_nano.a(lib_a-nano-vfprintf_i.o)
                              d:/embedded/imt course/new folder/imt_arm_course/02- tools/03- imt sdk/imt_sdk_win_64/winarm/armgcc/bin/../lib/gcc/arm-none-eabi/7.2.1/../../../../arm-none-eabi/lib/thumb/v7e-m\libg_nano.a(lib_a-nano-svfprintf.o) (_printf_i)
d:/embedded/imt course/new folder/imt_arm_course/02- tools/03- imt sdk/imt_sdk_win_64/winarm/armgcc/bin/../lib/gcc/arm-none-eabi/7.2.1/../../../../arm-none-eabi/lib/thumb/v7e-m\libg_nano.a(lib_a-memchr.o)
                              d:/embedded/imt course/new folder/imt_arm_course/02- tools/03- imt sdk/imt_sdk_win_64/winarm/armgcc/bin/../lib/gcc/arm-none-eabi/7.2.1/../../../../arm-none-eabi/lib/thumb/v7e-m\libg_nano.a(lib_a-nano-svfprintf.o) (memchr)
[...]
Memory Configuration

Name             Origin             Length             Attributes
RAM              0x20000000         0x0000a000         xrw
CCMRAM           0x10000000         0x00002000         xrw
FLASH            0x08000000         0x00040000         xr
FLASHB1          0x00000000         0x00000000         xr
EXTMEMB0         0x00000000         0x00000000         xr
EXTMEMB1         0x00000000         0x00000000         xr
EXTMEMB2         0x00000000         0x00000000         xr
EXTMEMB3         0x00000000         0x00000000         xr
MEMORY_ARRAY     0x20002000         0x00000000         xrw
*default*        0x00000000         0xffffffff

Linker script and memory map

LOAD ./system/src/stm32f3-stdperiph/stm32f30x_gpio.o
LOAD ./system/src/stm32f3-stdperiph/stm32f30x_rcc.o
LOAD ./system/src/newlib/_cxx.o
LOAD ./system/src/newlib/_exit.o
LOAD ./system/src/newlib/_sbrk.o
LOAD ./system/src/newlib/_startup.o
LOAD ./system/src/newlib/_syscalls.o
LOAD ./system/src/newlib/assert.o
LOAD ./system/src/diag/Trace.o
LOAD ./system/src/diag/trace_impl.o
LOAD ./system/src/cortexm/_initialize_hardware.o
LOAD ./system/src/cortexm/_reset_hardware.o
LOAD ./system/src/cortexm/exception_handlers.o
LOAD ./system/src/cmsis/system_stm32f30x.o
LOAD ./system/src/cmsis/vectors_stm32f30x.o
LOAD ./src/ADC_program.o
LOAD ./src/DIO_program.o
LOAD ./src/ESP_program.o
LOAD ./src/PWM_program.o
LOAD ./src/RCC_program.o
LOAD ./src/SPI_program.o
LOAD ./src/STK_program.o
LOAD ./src/TFT_program.o
LOAD ./src/USART_program.o
LOAD ./src/VOLT_Program.o
LOAD ./src/main.o
LOAD d:/embedded/imt course/new folder/imt_arm_course/02- tools/03- imt sdk/imt_sdk_win_64/winarm/armgcc/bin/../lib/gcc/arm-none-eabi/7.2.1/../../../../arm-none-eabi/lib/thumb/v7e-m\libstdc++_nano.a
LOAD d:/embedded/imt course/new folder/imt_arm_course/02- tools/03- imt sdk/imt_sdk_win_64/winarm/armgcc/bin/../lib/gcc/arm-none-eabi/7.2.1/../../../../arm-none-eabi/lib/thumb/v7e-m\libm.a
START GROUP
LOAD d:/embedded/imt course/new folder/imt_arm_course/02- tools/03- imt sdk/imt_sdk_win_64/winarm/armgcc/bin/../lib/gcc/arm-none-eabi/7.2.1/thumb/v7e-m\libgcc.a
LOAD d:/embedded/imt course/new folder/imt_arm_course/02- tools/03- imt sdk/imt_sdk_win_64/winarm/armgcc/bin/../lib/gcc/arm-none-eabi/7.2.1/../../../../arm-none-eabi/lib/thumb/v7e-m\libg_nano.a
LOAD d:/embedded/imt course/new folder/imt_arm_course/02- tools/03- imt sdk/imt_sdk_win_64/winarm/armgcc/bin/../lib/gcc/arm-none-eabi/7.2.1/../../../../arm-none-eabi/lib/thumb/v7e-m\libc_nano.a
END GROUP
START GROUP
LOAD d:/embedded/imt course/new folder/imt_arm_course/02- tools/03- imt sdk/imt_sdk_win_64/winarm/armgcc/bin/../lib/gcc/arm-none-eabi/7.2.1/thumb/v7e-m\libgcc.a
LOAD d:/embedded/imt course/new folder/imt_arm_course/02- tools/03- imt sdk/imt_sdk_win_64/winarm/armgcc/bin/../lib/gcc/arm-none-eabi/7.2.1/../../../../arm-none-eabi/lib/thumb/v7e-m\libc_nano.a
END GROUP
                0x2000a000                __stack = (ORIGIN (RAM) + LENGTH (RAM))
                0x2000a000                _estack = __stack
                0x00000400                __Main_Stack_Size = 0x400
                [!provide]                PROVIDE (_Main_Stack_Size, __Main_Stack_Size)
                0x20009c00                __Main_Stack_Limit = (__stack - __Main_Stack_Size)
                [!provide]                PROVIDE (_Main_Stack_Limit, __Main_Stack_Limit)
                0x00000100                _Minimum_Stack_Size = 0x100
                0x200001b8                PROVIDE (_Heap_Begin, _end_noinit)
                0x20009c00                PROVIDE (_Heap_Limit, (__stack - __Main_Stack_Size))

.isr_vector     0x08000000      0x3e8
 FILL mask 0xff
                0x08000000                __vectors_start = ABSOLUTE (.)
                0x08000000                __vectors_start__ = ABSOLUTE (.)
 *(.isr_vector)
 .isr_vector    0x08000000      0x188 ./system/src/cmsis/vectors_stm32f30x.o
                0x08000000                __isr_vectors
 *(.cfmconfig)
 *(.after_vectors .after_vectors.*)
 .after_vectors
                0x08000188      0x130 ./system/src/newlib/_startup.o
                0x08000188                _start
 .after_vectors
                0x080002b8      0x12c ./system/src/cortexm/exception_handlers.o
                0x080002b8                Reset_Handler
                0x080002be                NMI_Handler
                0x080002c2                HardFault_Handler
                0x080002d6                HardFault_Handler_C
                0x08000334                MemManage_Handler
                0x08000338                BusFault_Handler
                0x0800034c                BusFault_Handler_C
                0x08000380                UsageFault_Handler
                0x08000394                UsageFault_Handler_C
                0x080003c8                SVC_Handler
                0x080003cc                DebugMon_Handler
                0x080003d0                PendSV_Handler
 .after_vectors
                0x080003e4        0x4 ./system/src/cmsis/vectors_stm32f30x.o
                0x080003e4                RTC_Alarm_IRQHandler
                0x080003e4                TIM8_TRG_COM_IRQHandler
                0x080003e4                TIM8_CC_IRQHandler
                0x080003e4                TIM1_CC_IRQHandler
                0x080003e4                USB_HP_IRQHandler
                0x080003e4                PVD_IRQHandler
                0x080003e4                EXTI3_IRQHandler
                0x080003e4                EXTI0_IRQHandler
                0x080003e4                I2C2_EV_IRQHandler
                0x080003e4                FPU_IRQHandler
                0x080003e4                EXTI2_TS_IRQHandler
                0x080003e4                TIM1_UP_TIM16_IRQHandler
                0x080003e4                ADC1_2_IRQHandler
                0x080003e4                TIM6_DAC_IRQHandler
                0x080003e4                TIM8_UP_IRQHandler
                0x080003e4                DMA2_Channel2_IRQHandler
                0x080003e4                DMA1_Channel4_IRQHandler
                0x080003e4                DMA1_Channel7_IRQHandler
                0x080003e4                CAN1_RX1_IRQHandler
                0x080003e4                UART5_IRQHandler
                0x080003e4                ADC3_IRQHandler
                0x080003e4                TIM4_IRQHandler
                0x080003e4                DMA2_Channel1_IRQHandler
                0x080003e4                I2C1_EV_IRQHandler
                0x080003e4                DMA1_Channel6_IRQHandler
                0x080003e4                UART4_IRQHandler
                0x080003e4                DMA2_Channel4_IRQHandler
                0x080003e4                TIM3_IRQHandler
                0x080003e4                RCC_IRQHandler
                0x080003e4                DMA1_Channel1_IRQHandler
                0x080003e4                Default_Handler
                0x080003e4                USBWakeUp_RMP_IRQHandler
                0x080003e4                EXTI15_10_IRQHandler
                0x080003e4                TIM7_IRQHandler
                0x080003e4                EXTI9_5_IRQHandler
                0x080003e4                TAMPER_STAMP_IRQHandler
                0x080003e4                RTC_WKUP_IRQHandler
                0x080003e4                DMA2_Channel5_IRQHandler
                0x080003e4                DMA1_Channel5_IRQHandler
                0x080003e4                USB_LP_IRQHandler
                0x080003e4                EXTI4_IRQHandler
                0x080003e4                USB_LP_CAN1_RX0_IRQHandler
                0x080003e4                TIM1_TRG_COM_TIM17_IRQHandler
                0x080003e4                USB_HP_CAN1_TX_IRQHandler
                0x080003e4                DMA1_Channel3_IRQHandler
                0x080003e4                ADC4_IRQHandler
                0x080003e4                WWDG_IRQHandler
                0x080003e4                TIM2_IRQHandler
                0x080003e4                COMP7_IRQHandler
                0x080003e4                COMP1_2_3_IRQHandler
                0x080003e4                EXTI1_IRQHandler
                0x080003e4                COMP4_5_6_IRQHandler
                0x080003e4                I2C2_ER_IRQHandler
                0x080003e4                DMA1_Channel2_IRQHandler
                0x080003e4                TIM8_BRK_IRQHandler
                0x080003e4                CAN1_SCE_IRQHandler
                0x080003e4                FLASH_IRQHandler
                0x080003e4                SPI3_IRQHandler
                0x080003e4                I2C1_ER_IRQHandler
                0x080003e4                USBWakeUp_IRQHandler
                0x080003e4                DMA2_Channel3_IRQHandler
                0x080003e4                TIM1_BRK_TIM15_IRQHandler

.inits          0x080003e8       0x28
                0x080003e8                __data_regions_array_start = .
                0x080003e8        0x4 LONG 0x800d420 LOADADDR (.data)
                0x080003ec        0x4 LONG 0x20000000 ADDR (.data)
                0x080003f0        0x4 LONG 0x200000c4 (ADDR (.data) + SIZEOF (.data))
                0x080003f4        0x4 LONG 0x800d420 LOADADDR (.data_CCMRAM)
                0x080003f8        0x4 LONG 0x10000000 ADDR (.data_CCMRAM)
                0x080003fc        0x4 LONG 0x10000000 (ADDR (.data_CCMRAM) + SIZEOF (.data_CCMRAM))
                0x08000400                __data_regions_array_end = .
                0x08000400                __bss_regions_array_start = .
                0x08000400        0x4 LONG 0x200000c4 ADDR (.bss)
                0x08000404        0x4 LONG 0x200001b8 (ADDR (.bss) + SIZEOF (.bss))
                0x08000408        0x4 LONG 0x10000000 ADDR (.bss_CCMRAM)
                0x0800040c        0x4 LONG 0x10000000 (ADDR (.bss_CCMRAM) + SIZEOF (.bss_CCMRAM))
                0x08000410                __bss_regions_array_end = .
 *(.init)
 *(.fini)
                0x08000410                . = ALIGN (0x4)
                0x08000410                PROVIDE (__preinit_array_start, .)
 *(.preinit_array_sysinit .preinit_array_sysinit.*)
 *(.preinit_array_platform .preinit_array_platform.*)
 *(.preinit_array .preinit_array.*)
                0x08000410                PROVIDE (__preinit_array_end, .)
                0x08000410                . = ALIGN (0x4)
                0x08000410                PROVIDE (__init_array_start, .)
 *(SORT_BY_NAME(.init_array.*))
 *(.init_array)
                0x08000410                PROVIDE (__init_array_end, .)
                0x08000410                . = ALIGN (0x4)
                0x08000410                PROVIDE (__fini_array_start, .)
 *(SORT_BY_NAME(.fini_array.*))
 *(.fini_array)
                0x08000410                PROVIDE (__fini_array_end, .)

.flashtext
 *(.flashtext .flashtext.*)

.text           0x08000410     0xd010
 *(.text .text.*)
 .text._exit    0x08000410        0x2 ./system/src/newlib/_exit.o
                0x08000410                _exit
 *fill*         0x08000412        0x2 
 .text._sbrk    0x08000414       0x44 ./system/src/newlib/_sbrk.o
                0x08000414                _sbrk
 .text.__initialize_args
                0x08000458       0x10 ./system/src/newlib/_syscalls.o
                0x08000458                __initialize_args
 .text.trace_printf
                0x08000468       0x30 ./system/src/diag/Trace.o
                0x08000468                trace_printf
 .text._trace_write_semihosting_debug
                0x08000498       0x60 ./system/src/diag/trace_impl.o
 .text.trace_write
                0x080004f8        0x8 ./system/src/diag/trace_impl.o
                0x080004f8                trace_write
 .text.__initialize_hardware_early
                0x08000500       0x18 ./system/src/cortexm/_initialize_hardware.o
                0x08000500                __initialize_hardware_early
 .text.__initialize_hardware
                0x08000518        0x8 ./system/src/cortexm/_initialize_hardware.o
                0x08000518                __initialize_hardware
 .text.dumpExceptionStack
                0x08000520       0xf4 ./system/src/cortexm/exception_handlers.o
                0x08000520                dumpExceptionStack
 .text.isSemihosting
                0x08000614       0x20 ./system/src/cortexm/exception_handlers.o
                0x08000614                isSemihosting
 .text.SetSysClock
                0x08000634       0xb0 ./system/src/cmsis/system_stm32f30x.o
 .text.SystemInit
                0x080006e4       0x64 ./system/src/cmsis/system_stm32f30x.o
                0x080006e4                SystemInit
 .text.SystemCoreClockUpdate
                0x08000748       0x8c ./system/src/cmsis/system_stm32f30x.o
                0x08000748                SystemCoreClockUpdate
 .text.ADC_voidOn
                0x080007d4       0x14 ./src/ADC_program.o
 .text.ADC_voidOff
                0x080007e8       0x14 ./src/ADC_program.o
 .text.ADC_voidInit
                0x080007fc       0x5c ./src/ADC_program.o
                0x080007fc                ADC_voidInit
 .text.ADC_u16Read
                0x08000858       0x64 ./src/ADC_program.o
                0x08000858                ADC_u16Read
 .text.GPIO_voidSetPinMode
                0x080008bc       0xfc ./src/DIO_program.o
                0x080008bc                GPIO_voidSetPinMode
 .text.GPIO_voidsetPinValue
                0x080009b8       0x80 ./src/DIO_program.o
                0x080009b8                GPIO_voidsetPinValue
 .text.ESP_u8Init
                0x08000a38       0x60 ./src/ESP_program.o
                0x08000a38                ESP_u8Init
 .text.ESP_u8ConnectAP
                0x08000a98       0x4c ./src/ESP_program.o
                0x08000a98                ESP_u8ConnectAP
 .text.ESP_u8ConnectServer
                0x08000ae4       0x40 ./src/ESP_program.o
                0x08000ae4                ESP_u8ConnectServer
 .text.ESP8266_VoidSendHttpReq
                0x08000b24       0x98 ./src/ESP_program.o
                0x08000b24                ESP8266_VoidSendHttpReq
 .text.map      0x08000bbc       0x1c ./src/PWM_program.o
 .text.PWM_voidInit
                0x08000bd8      0x254 ./src/PWM_program.o
                0x08000bd8                PWM_voidInit
 .text.PWM_voidUpdate
                0x08000e2c       0x88 ./src/PWM_program.o
                0x08000e2c                PWM_voidUpdate
 .text.RCC_voidInitSysClock
                0x08000eb4       0x6c ./src/RCC_program.o
                0x08000eb4                RCC_voidInitSysClock
 .text.RCC_voidEnableClock
                0x08000f20       0x4c ./src/RCC_program.o
                0x08000f20                RCC_voidEnableClock
 .text.SPI_u8ConfigureCh
                0x08000f6c      0x1ac ./src/SPI_program.o
                0x08000f6c                SPI_u8ConfigureCh
 .text.SPI_voidSendRecSynch
                0x08001118       0x28 ./src/SPI_program.o
                0x08001118                SPI_voidSendRecSynch
 .text.SPI1_IRQHandler
                0x08001140       0x24 ./src/SPI_program.o
                0x08001140                SPI1_IRQHandler
 .text.SPI2_IRQHandler
                0x08001164       0x24 ./src/SPI_program.o
                0x08001164                SPI2_IRQHandler
 .text.MSTK_voidInit
                0x08001188        0xc ./src/STK_program.o
                0x08001188                MSTK_voidInit
 .text.MSTK_voidSetBusyWait
                0x08001194       0x2c ./src/STK_program.o
                0x08001194                MSTK_voidSetBusyWait
 .text.SysTick_Handler
                0x080011c0       0x38 ./src/STK_program.o
                0x080011c0                SysTick_Handler
 .text.voidWriteData
                0x080011f8       0x2c ./src/TFT_program.o
 .text.voidSetColour
                0x08001224       0x12 ./src/TFT_program.o
 .text.voidWriteCommand
                0x08001236       0x2c ./src/TFT_program.o
 .text.voidSetAddress
                0x08001262       0x58 ./src/TFT_program.o
 .text.voidDrawPixel
                0x080012ba       0x24 ./src/TFT_program.o
 .text.TFT_voidInit
                0x080012de       0x86 ./src/TFT_program.o
                0x080012de                TFT_voidInit
 .text.TFT_voidDisplayImage
                0x08001364       0x2a ./src/TFT_program.o
                0x08001364                TFT_voidDisplayImage
 .text.TFT_voidDrawRectangle
                0x0800138e       0x38 ./src/TFT_program.o
                0x0800138e                TFT_voidDrawRectangle
 .text.TFT_voidFillDisplay
                0x080013c6       0x18 ./src/TFT_program.o
                0x080013c6                TFT_voidFillDisplay
 *fill*         0x080013de        0x2 
 .text.TFT_voidPrintChar
                0x080013e0       0xa4 ./src/TFT_program.o
                0x080013e0                TFT_voidPrintChar
 .text.TFT_voidPrintText
                0x08001484       0x42 ./src/TFT_program.o
                0x08001484                TFT_voidPrintText
 *fill*         0x080014c6        0x2 
 .text.USART_voidInit
                0x080014c8      0x100 ./src/USART_program.o
                0x080014c8                USART_voidInit
 .text.USART_voidSendCharSynch
                0x080015c8       0x20 ./src/USART_program.o
                0x080015c8                USART_voidSendCharSynch
 .text.USART_voidSendStringSynch
                0x080015e8       0x1c ./src/USART_program.o
                0x080015e8                USART_voidSendStringSynch
 .text.USART_u8ReceiveCharSynch
                0x08001604       0x18 ./src/USART_program.o
                0x08001604                USART_u8ReceiveCharSynch
 .text.USART_voidReceiveStringSynch
                0x0800161c       0x2a ./src/USART_program.o
                0x0800161c                USART_voidReceiveStringSynch
 *fill*         0x08001646        0x2 
 .text.USART1_IRQHandler
                0x08001648       0x4c ./src/USART_program.o
                0x08001648                USART1_IRQHandler
 .text.USART2_IRQHandler
                0x08001694       0x10 ./src/USART_program.o
                0x08001694                USART2_IRQHandler
 .text.USART3_IRQHandler
                0x080016a4       0x10 ./src/USART_program.o
                0x080016a4                USART3_IRQHandler
 *fill*         0x080016b4        0x4 
 .text.VOLT_f32ReadValue
                0x080016b8       0x38 ./src/VOLT_Program.o
                0x080016b8                VOLT_f32ReadValue
 .text.WallBoxChargerInit
                0x080016f0      0x18c ./src/main.o
                0x080016f0                WallBoxChargerInit
 .text.main     0x0800187c      0x1f8 ./src/main.o
                0x0800187c                main
 .text          0x08001a74      0x378 d:/embedded/imt course/new folder/imt_arm_course/02- tools/03- imt sdk/imt_sdk_win_64/winarm/armgcc/bin/../lib/gcc/arm-none-eabi/7.2.1/thumb/v7e-m\libgcc.a(_arm_addsubdf3.o)
                0x08001a74                __aeabi_drsub
                0x08001a7c                __aeabi_dsub
                0x08001a7c                __subdf3
                0x08001a80                __aeabi_dadd
                0x08001a80                __adddf3
                0x08001cf8                __floatunsidf
                0x08001cf8                __aeabi_ui2d
                0x08001d18                __floatsidf
                0x08001d18                __aeabi_i2d
                0x08001d3c                __aeabi_f2d
                0x08001d3c                __extendsfdf2
                0x08001d80                __floatundidf
                0x08001d80                __aeabi_ul2d
                0x08001d90                __floatdidf
                0x08001d90                __aeabi_l2d
 .text          0x08001dec      0x424 d:/embedded/imt course/new folder/imt_arm_course/02- tools/03- imt sdk/imt_sdk_win_64/winarm/armgcc/bin/../lib/gcc/arm-none-eabi/7.2.1/thumb/v7e-m\libgcc.a(_arm_muldivdf3.o)
                0x08001dec                __aeabi_dmul
                0x08001dec                __muldf3
                0x08002040                __divdf3
                0x08002040                __aeabi_ddiv
 .text          0x08002210       0xa0 d:/embedded/imt course/new folder/imt_arm_course/02- tools/03- imt sdk/imt_sdk_win_64/winarm/armgcc/bin/../lib/gcc/arm-none-eabi/7.2.1/thumb/v7e-m\libgcc.a(_arm_truncdfsf2.o)
                0x08002210                __truncdfsf2
                0x08002210                __aeabi_d2f
 .text          0x080022b0      0x21c d:/embedded/imt course/new folder/imt_arm_course/02- tools/03- imt sdk/imt_sdk_win_64/winarm/armgcc/bin/../lib/gcc/arm-none-eabi/7.2.1/thumb/v7e-m\libgcc.a(_arm_addsubsf3.o)
                0x080022b0                __aeabi_frsub
                0x080022b8                __subsf3
                0x080022b8                __aeabi_fsub
                0x080022bc                __aeabi_fadd
                0x080022bc                __addsf3
                0x0800241c                __aeabi_ui2f
                0x0800241c                __floatunsisf
                0x08002424                __aeabi_i2f
                0x08002424                __floatsisf
                0x08002440                __aeabi_ul2f
                0x08002440                __floatundisf
                0x08002450                __aeabi_l2f
                0x08002450                __floatdisf
 .text          0x080024cc       0xec d:/embedded/imt course/new folder/imt_arm_course/02- tools/03- imt sdk/imt_sdk_win_64/winarm/armgcc/bin/../lib/gcc/arm-none-eabi/7.2.1/thumb/v7e-m\libgcc.a(_arm_cmpsf2.o)
                0x080024cc                __gesf2
                0x080024cc                __gtsf2
                0x080024d4                __lesf2
                0x080024d4                __ltsf2
                0x080024dc                __nesf2
                0x080024dc                __eqsf2
                0x080024dc                __cmpsf2
                0x0800253c                __aeabi_cfrcmple
                0x08002544                __aeabi_cfcmpeq
                0x08002544                __aeabi_cfcmple
                0x08002554                __aeabi_fcmpeq
                0x08002568                __aeabi_fcmplt
                0x0800257c                __aeabi_fcmple
                0x08002590                __aeabi_fcmpge
                0x080025a4                __aeabi_fcmpgt
 .text          0x080025b8       0x4c d:/embedded/imt course/new folder/imt_arm_course/02- tools/03- imt sdk/imt_sdk_win_64/winarm/armgcc/bin/../lib/gcc/arm-none-eabi/7.2.1/thumb/v7e-m\libgcc.a(_arm_fixsfsi.o)
                0x080025b8                __aeabi_f2iz
                0x080025b8                __fixsfsi
 .text.__errno  0x08002604        0xc d:/embedded/imt course/new folder/imt_arm_course/02- tools/03- imt sdk/imt_sdk_win_64/winarm/armgcc/bin/../lib/gcc/arm-none-eabi/7.2.1/../../../../arm-none-eabi/lib/thumb/v7e-m\libg_nano.a(lib_a-errno.o)
                0x08002604                __errno
 .text.__itoa   0x08002610       0x30 d:/embedded/imt course/new folder/imt_arm_course/02- tools/03- imt sdk/imt_sdk_win_64/winarm/armgcc/bin/../lib/gcc/arm-none-eabi/7.2.1/../../../../arm-none-eabi/lib/thumb/v7e-m\libg_nano.a(lib_a-itoa.o)
                0x08002610                __itoa
 .text.itoa     0x08002640        0x4 d:/embedded/imt course/new folder/imt_arm_course/02- tools/03- imt sdk/imt_sdk_win_64/winarm/armgcc/bin/../lib/gcc/arm-none-eabi/7.2.1/../../../../arm-none-eabi/lib/thumb/v7e-m\libg_nano.a(lib_a-itoa.o)
                0x08002640                itoa
 .text.__utoa   0x08002644       0x7c d:/embedded/imt course/new folder/imt_arm_course/02- tools/03- imt sdk/imt_sdk_win_64/winarm/armgcc/bin/../lib/gcc/arm-none-eabi/7.2.1/../../../../arm-none-eabi/lib/thumb/v7e-m\libg_nano.a(lib_a-utoa.o)
                0x08002644                __utoa
 .text._vsnprintf_r
                0x080026c0       0x58 d:/embedded/imt course/new folder/imt_arm_course/02- tools/03- imt sdk/imt_sdk_win_64/winarm/armgcc/bin/../lib/gcc/arm-none-eabi/7.2.1/../../../../arm-none-eabi/lib/thumb/v7e-m\libg_nano.a(lib_a-vsnprintf.o)
                0x080026c0                _vsniprintf_r
                0x080026c0                _vsnprintf_r
 .text.vsnprintf
                0x08002718       0x1c d:/embedded/imt course/new folder/imt_arm_course/02- tools/03- imt sdk/imt_sdk_win_64/winarm/armgcc/bin/../lib/gcc/arm-none-eabi/7.2.1/../../../../arm-none-eabi/lib/thumb/v7e-m\libg_nano.a(lib_a-vsnprintf.o)
                0x08002718                vsniprintf
                0x08002718                vsnprintf
 .text.__ssputs_r
                0x08002734       0xb4 d:/embedded/imt course/new folder/imt_arm_course/02- tools/03- imt sdk/imt_sdk_win_64/winarm/armgcc/bin/../lib/gcc/arm-none-eabi/7.2.1/../../../../arm-none-eabi/lib/thumb/v7e-m\libg_nano.a(lib_a-nano-svfprintf.o)
                0x08002734                __ssputs_r
 .text._svfprintf_r
                0x080027e8      0x1ec d:/embedded/imt course/new folder/imt_arm_course/02- tools/03- imt sdk/imt_sdk_win_64/winarm/armgcc/bin/../lib/gcc/arm-none-eabi/7.2.1/../../../../arm-none-eabi/lib/thumb/v7e-m\libg_nano.a(lib_a-nano-svfprintf.o)
                0x080027e8                _svfiprintf_r
                0x080027e8                _svfprintf_r
 .text._printf_common
                0x080029d4       0xea d:/embedded/imt course/new folder/imt_arm_course/02- tools/03- imt sdk/imt_sdk_win_64/winarm/armgcc/bin/../lib/gcc/arm-none-eabi/7.2.1/../../../../arm-none-eabi/lib/thumb/v7e-m\libg_nano.a(lib_a-nano-vfprintf_i.o)
                0x080029d4                _printf_common
 *fill*         0x08002abe        0x2 
 .text._printf_i
                0x08002ac0      0x224 d:/embedded/imt course/new folder/imt_arm_course/02- tools/03- imt sdk/imt_sdk_win_64/winarm/armgcc/bin/../lib/gcc/arm-none-eabi/7.2.1/../../../../arm-none-eabi/lib/thumb/v7e-m\libg_nano.a(lib_a-nano-vfprintf_i.o)
                0x08002ac0                _printf_i
 *fill*         0x08002ce4        0xc 
 .text          0x08002cf0       0xa0 d:/embedded/imt course/new folder/imt_arm_course/02- tools/03- imt sdk/imt_sdk_win_64/winarm/armgcc/bin/../lib/gcc/arm-none-eabi/7.2.1/../../../../arm-none-eabi/lib/thumb/v7e-m\libg_nano.a(lib_a-memchr.o)
                0x08002cf0                memchr
 .text.memcpy   0x08002d90       0x16 d:/embedded/imt course/new folder/imt_arm_course/02- tools/03- imt sdk/imt_sdk_win_64/winarm/armgcc/bin/../lib/gcc/arm-none-eabi/7.2.1/../../../../arm-none-eabi/lib/thumb/v7e-m\libg_nano.a(lib_a-memcpy-stub.o)
                0x08002d90                memcpy
 .text.memmove  0x08002da6       0x32 d:/embedded/imt course/new folder/imt_arm_course/02- tools/03- imt sdk/imt_sdk_win_64/winarm/armgcc/bin/../lib/gcc/arm-none-eabi/7.2.1/../../../../arm-none-eabi/lib/thumb/v7e-m\libg_nano.a(lib_a-memmove.o)
                0x08002da6                memmove
 .text._free_r  0x08002dd8       0x9c d:/embedded/imt course/new folder/imt_arm_course/02- tools/03- imt sdk/imt_sdk_win_64/winarm/armgcc/bin/../lib/gcc/arm-none-eabi/7.2.1/../../../../arm-none-eabi/lib/thumb/v7e-m\libg_nano.a(lib_a-nano-freer.o)
                0x08002dd8                _free_r
 .text._malloc_r
                0x08002e74       0xb4 d:/embedded/imt course/new folder/imt_arm_course/02- tools/03- imt sdk/imt_sdk_win_64/winarm/armgcc/bin/../lib/gcc/arm-none-eabi/7.2.1/../../../../arm-none-eabi/lib/thumb/v7e-m\libg_nano.a(lib_a-nano-mallocr.o)
                0x08002e74                _malloc_r
 .text._realloc_r
                0x08002f28       0x4c d:/embedded/imt course/new folder/imt_arm_course/02- tools/03- imt sdk/imt_sdk_win_64/winarm/armgcc/bin/../lib/gcc/arm-none-eabi/7.2.1/../../../../arm-none-eabi/lib/thumb/v7e-m\libg_nano.a(lib_a-nano-reallocr.o)
                0x08002f28                _realloc_r
 .text._sbrk_r  0x08002f74       0x20 d:/embedded/imt course/new folder/imt_arm_course/02- tools/03- imt sdk/imt_sdk_win_64/winarm/armgcc/bin/../lib/gcc/arm-none-eabi/7.2.1/../../../../arm-none-eabi/lib/thumb/v7e-m\libg_nano.a(lib_a-sbrkr.o)
                0x08002f74                _sbrk_r
 .text.__malloc_lock
                0x08002f94        0x2 d:/embedded/imt course/new folder/imt_arm_course/02- tools/03- imt sdk/imt_sdk_win_64/winarm/armgcc/bin/../lib/gcc/arm-none-eabi/7.2.1/../../../../arm-none-eabi/lib/thumb/v7e-m\libg_nano.a(lib_a-mlock.o)
                0x08002f94                __malloc_lock
 .text.__malloc_unlock
                0x08002f96        0x2 d:/embedded/imt course/new folder/imt_arm_course/02- tools/03- imt sdk/imt_sdk_win_64/winarm/armgcc/bin/../lib/gcc/arm-none-eabi/7.2.1/../../../../arm-none-eabi/lib/thumb/v7e-m\libg_nano.a(lib_a-mlock.o)
                0x08002f96                __malloc_unlock
 .text._malloc_usable_size_r
                0x08002f98       0x10 d:/embedded/imt course/new folder/imt_arm_course/02- tools/03- imt sdk/imt_sdk_win_64/winarm/armgcc/bin/../lib/gcc/arm-none-eabi/7.2.1/../../../../arm-none-eabi/lib/thumb/v7e-m\libg_nano.a(lib_a-nano-msizer.o)
                0x08002f98                _malloc_usable_size_r
 *(.rodata .rodata.* .constdata .constdata.*)
 .rodata.dumpExceptionStack.str1.4
                0x08002fa8      0x11a ./system/src/cortexm/exception_handlers.o
 *fill*         0x080030c2        0x2 
 .rodata.str1.4
                0x080030c4       0x2a ./system/src/cortexm/exception_handlers.o
 *fill*         0x080030ee        0x2 
 .rodata.ESP8266_VoidSendHttpReq.str1.4
                0x080030f0       0x3e ./src/ESP_program.o
                                 0x46 (size before relaxing)
 *fill*         0x0800312e        0x2 
 .rodata.ESP_u8ConnectAP.str1.4
                0x08003130       0x18 ./src/ESP_program.o
 .rodata.ESP_u8ConnectServer.str1.4
                0x08003148       0x1f ./src/ESP_program.o
 *fill*         0x08003167        0x1 
 .rodata.ESP_u8Init.str1.4
                0x08003168       0x22 ./src/ESP_program.o
 *fill*         0x0800318a        0x2 
 .rodata.TFT_font
                0x0800318c      0x240 ./src/TFT_program.o
 .rodata        0x080033cc        0x9 ./src/main.o
 *fill*         0x080033d5        0x3 
 .rodata.WallBoxChargerInit.str1.4
                0x080033d8       0x13 ./src/main.o
 *fill*         0x080033eb        0x1 
 .rodata.image  0x080033ec     0x9f00 ./src/main.o
                0x080033ec                image
 .rodata.main.str1.4
                0x0800d2ec       0x66 ./src/main.o
 *fill*         0x0800d352        0x2 
 .rodata.str1.4
                0x0800d354       0x74 ./src/main.o
                                 0x71 (size before relaxing)
 .rodata.__utoa.str1.1
                0x0800d3c8       0x25 d:/embedded/imt course/new folder/imt_arm_course/02- tools/03- imt sdk/imt_sdk_win_64/winarm/armgcc/bin/../lib/gcc/arm-none-eabi/7.2.1/../../../../arm-none-eabi/lib/thumb/v7e-m\libg_nano.a(lib_a-utoa.o)
 .rodata._svfprintf_r.str1.1
                0x0800d3ed       0x11 d:/embedded/imt course/new folder/imt_arm_course/02- tools/03- imt sdk/imt_sdk_win_64/winarm/armgcc/bin/../lib/gcc/arm-none-eabi/7.2.1/../../../../arm-none-eabi/lib/thumb/v7e-m\libg_nano.a(lib_a-nano-svfprintf.o)
 .rodata._printf_i.str1.1
                0x0800d3fe       0x22 d:/embedded/imt course/new folder/imt_arm_course/02- tools/03- imt sdk/imt_sdk_win_64/winarm/armgcc/bin/../lib/gcc/arm-none-eabi/7.2.1/../../../../arm-none-eabi/lib/thumb/v7e-m\libg_nano.a(lib_a-nano-vfprintf_i.o)
 *(vtable)
 *(.eh_frame*)
 *(.glue_7)
 .glue_7        0x0800d420        0x0 linker stubs
 *(.glue_7t)
 .glue_7t       0x0800d420        0x0 linker stubs

.vfp11_veneer   0x0800d420        0x0
 .vfp11_veneer  0x0800d420        0x0 linker stubs

.v4_bx          0x0800d420        0x0
 .v4_bx         0x0800d420        0x0 linker stubs

.iplt           0x0800d420        0x0
 .iplt          0x0800d420        0x0 ./system/src/newlib/_exit.o

.rel.dyn        0x0800d420        0x0
 .rel.iplt      0x0800d420        0x0 ./system/src/newlib/_exit.o

.ARM.extab
 *(.ARM.extab* .gnu.linkonce.armextab.*)
                0x0800d420                . = ALIGN (0x4)
                0x0800d420                __exidx_start = .

.ARM.exidx
 *(.ARM.exidx* .gnu.linkonce.armexidx.*)
                0x0800d420                __exidx_end = .
                0x0800d420                . = ALIGN (0x4)
                0x0800d420                _etext = .
                0x0800d420                __etext = .

.data_CCMRAM    0x10000000        0x0 load address 0x0800d420
 FILL mask 0xff
 *(.data.CCMRAM .data.CCMRAM.*)
                0x10000000                . = ALIGN (0x4)
                0x0800d420                _sidata = LOADADDR (.data)

.data           0x20000000       0xc4 load address 0x0800d420
 FILL mask 0xff
                0x20000000                _sdata = .
                0x20000000                __data_start__ = .
 *(.data_begin .data_begin.*)
 .data_begin    0x20000000        0x4 ./system/src/newlib/_startup.o
 *(.data .data.*)
 .data.argv.4310
                0x20000004        0x8 ./system/src/newlib/_syscalls.o
 .data.AHBPrescTable
                0x2000000c       0x10 ./system/src/cmsis/system_stm32f30x.o
                0x2000000c                AHBPrescTable
 .data.SystemCoreClock
                0x2000001c        0x4 ./system/src/cmsis/system_stm32f30x.o
                0x2000001c                SystemCoreClock
 .data.ADCx     0x20000020        0x8 ./src/ADC_program.o
                0x20000020                ADCx
 .data.TIMx     0x20000028        0x8 ./src/PWM_program.o
                0x20000028                TIMx
 .data.SPI      0x20000030        0x8 ./src/SPI_program.o
                0x20000030                SPI
 .data.UARTx    0x20000038        0xc ./src/USART_program.o
                0x20000038                UARTx
 .data.Str      0x20000044        0x2 ./src/main.o
                0x20000044                Str
 *fill*         0x20000046        0x2 ff
 .data.apiKey   0x20000048        0x4 ./src/main.o
                0x20000048                apiKey
 .data.current  0x2000004c        0x1 ./src/main.o
                0x2000004c                current
 *fill*         0x2000004d        0x3 ff
 .data.pass     0x20000050        0x4 ./src/main.o
                0x20000050                pass
 .data.ssid     0x20000054        0x4 ./src/main.o
                0x20000054                ssid
 .data.temp     0x20000058        0x1 ./src/main.o
                0x20000058                temp
 *fill*         0x20000059        0x3 ff
 .data._impure_ptr
                0x2000005c        0x4 d:/embedded/imt course/new folder/imt_arm_course/02- tools/03- imt sdk/imt_sdk_win_64/winarm/armgcc/bin/../lib/gcc/arm-none-eabi/7.2.1/../../../../arm-none-eabi/lib/thumb/v7e-m\libg_nano.a(lib_a-impure.o)
                0x2000005c                _impure_ptr
 .data.impure_data
                0x20000060       0x60 d:/embedded/imt course/new folder/imt_arm_course/02- tools/03- imt sdk/imt_sdk_win_64/winarm/armgcc/bin/../lib/gcc/arm-none-eabi/7.2.1/../../../../arm-none-eabi/lib/thumb/v7e-m\libg_nano.a(lib_a-impure.o)
 *(.data_end .data_end.*)
 .data_end      0x200000c0        0x4 ./system/src/newlib/_startup.o
                0x200000c4                . = ALIGN (0x4)
                0x200000c4                _edata = .
                0x200000c4                __data_end__ = .

.igot.plt       0x200000c4        0x0 load address 0x0800d4e4
 .igot.plt      0x200000c4        0x0 ./system/src/newlib/_exit.o

.bss_CCMRAM     0x10000000        0x0
 *(.bss.CCMRAM .bss.CCMRAM.*)

.bss            0x200000c4       0xf4
                0x200000c4                __bss_start__ = .
                0x200000c4                _sbss = .
 *(.bss_begin .bss_begin.*)
 .bss_begin     0x200000c4        0x4 ./system/src/newlib/_startup.o
 *(.bss .bss.*)
 .bss.current_heap_end.3961
                0x200000c8        0x4 ./system/src/newlib/_sbrk.o
 .bss.name.4309
                0x200000cc        0x1 ./system/src/newlib/_syscalls.o
 *fill*         0x200000cd        0x3 
 .bss.buf.5205  0x200000d0       0x80 ./system/src/diag/Trace.o
 .bss.ESP_Responce
                0x20000150        0xf ./src/ESP_program.o
 *fill*         0x2000015f        0x1 
 .bss.MSTK_CallBack
                0x20000160        0x4 ./src/STK_program.o
 .bss.MSTK_u8ModeOfInterval
                0x20000164        0x1 ./src/STK_program.o
 *fill*         0x20000165        0x3 
 .bss.UART_Fptr
                0x20000168        0xc ./src/USART_program.o
 .bss.__malloc_free_list
                0x20000174        0x4 d:/embedded/imt course/new folder/imt_arm_course/02- tools/03- imt sdk/imt_sdk_win_64/winarm/armgcc/bin/../lib/gcc/arm-none-eabi/7.2.1/../../../../arm-none-eabi/lib/thumb/v7e-m\libg_nano.a(lib_a-nano-mallocr.o)
                0x20000174                __malloc_free_list
 .bss.__malloc_sbrk_start
                0x20000178        0x4 d:/embedded/imt course/new folder/imt_arm_course/02- tools/03- imt sdk/imt_sdk_win_64/winarm/armgcc/bin/../lib/gcc/arm-none-eabi/7.2.1/../../../../arm-none-eabi/lib/thumb/v7e-m\libg_nano.a(lib_a-nano-mallocr.o)
                0x20000178                __malloc_sbrk_start
 *(COMMON)
 COMMON         0x2000017c        0x4 ./system/src/newlib/_syscalls.o
                0x2000017c                errno
 COMMON         0x20000180        0x8 ./src/SPI_program.o
                0x20000180                callBackFunc
 COMMON         0x20000188       0x2c ./src/main.o
                0x20000188                buff
                0x20000198                UART_Config_1
                0x200001a0                adc_info
                0x200001a8                UART_Config_2
                0x200001b0                volt
 *(.bss_end .bss_end.*)
 .bss_end       0x200001b4        0x4 ./system/src/newlib/_startup.o
                0x200001b8                . = ALIGN (0x4)
                0x200001b8                __bss_end__ = .
                0x200001b8                _ebss = .

.noinit_CCMRAM
 *(.noinit.CCMRAM .noinit.CCMRAM.*)

.noinit         0x200001b8        0x0
                0x200001b8                _noinit = .
 *(.noinit .noinit.*)
                0x200001b8                . = ALIGN (0x4)
                0x200001b8                _end_noinit = .
                [!provide]                PROVIDE (end, _end_noinit)
                [!provide]                PROVIDE (_end, _end_noinit)
                [!provide]                PROVIDE (__end, _end_noinit)
                [!provide]                PROVIDE (__end__, _end_noinit)

._check_stack   0x200001b8      0x100
                0x200002b8                . = (. + _Minimum_Stack_Size)
 *fill*         0x200001b8      0x100 

.b1text
 *(.b1text)
 *(.b1rodata)
 *(.b1rodata.*)

.eb0text
 *(.eb0text)
 *(.eb0rodata)
 *(.eb0rodata.*)

.eb1text
 *(.eb1text)
 *(.eb1rodata)
 *(.eb1rodata.*)

.eb2text
 *(.eb2text)
 *(.eb2rodata)
 *(.eb2rodata.*)

.eb3text
 *(.eb3text)
 *(.eb3rodata)
 *(.eb3rodata.*)

.stab
 *(.stab)

.stabstr
 *(.stabstr)

.stab.excl
 *(.stab.excl)

.stab.exclstr
 *(.stab.exclstr)

.stab.index
 *(.stab.index)

.stab.indexstr
 *(.stab.indexstr)

.comment        0x00000000       0x7e
 *(.comment)
 .comment       0x00000000       0x7e ./system/src/newlib/_exit.o
                                 0x7f (size before relaxing)
 .comment       0x0000007e       0x7f ./system/src/newlib/_sbrk.o
 .comment       0x0000007e       0x7f ./system/src/newlib/_startup.o
 .comment       0x0000007e       0x7f ./system/src/newlib/_syscalls.o
 .comment       0x0000007e       0x7f ./system/src/diag/Trace.o
 .comment       0x0000007e       0x7f ./system/src/diag/trace_impl.o
 .comment       0x0000007e       0x7f ./system/src/cortexm/_initialize_hardware.o
 .comment       0x0000007e       0x7f ./system/src/cortexm/exception_handlers.o
 .comment       0x0000007e       0x7f ./system/src/cmsis/system_stm32f30x.o
 .comment       0x0000007e       0x7f ./system/src/cmsis/vectors_stm32f30x.o
 .comment       0x0000007e       0x7f ./src/ADC_program.o
 .comment       0x0000007e       0x7f ./src/DIO_program.o
 .comment       0x0000007e       0x7f ./src/ESP_program.o
 .comment       0x0000007e       0x7f ./src/PWM_program.o
 .comment       0x0000007e       0x7f ./src/RCC_program.o
 .comment       0x0000007e       0x7f ./src/SPI_program.o
 .comment       0x0000007e       0x7f ./src/STK_program.o
 .comment       0x0000007e       0x7f ./src/TFT_program.o
 .comment       0x0000007e       0x7f ./src/USART_program.o
 .comment       0x0000007e       0x7f ./src/VOLT_Program.o
 .comment       0x0000007e       0x7f ./src/main.o

.ARM.attributes
                0x00000000       0x31
 .ARM.attributes
                0x00000000       0x33 ./system/src/newlib/_exit.o
 .ARM.attributes
                0x00000033       0x33 ./system/src/newlib/_sbrk.o
 .ARM.attributes
                0x00000066       0x33 ./system/src/newlib/_startup.o
 .ARM.attributes
                0x00000099       0x33 ./system/src/newlib/_syscalls.o
 .ARM.attributes
                0x000000cc       0x33 ./system/src/diag/Trace.o
 .ARM.attributes
                0x000000ff       0x33 ./system/src/diag/trace_impl.o
 .ARM.attributes
                0x00000132       0x33 ./system/src/cortexm/_initialize_hardware.o
 .ARM.attributes
                0x00000165       0x33 ./system/src/cortexm/exception_handlers.o
 .ARM.attributes
                0x00000198       0x33 ./system/src/cmsis/system_stm32f30x.o
 .ARM.attributes
                0x000001cb       0x33 ./system/src/cmsis/vectors_stm32f30x.o
 .ARM.attributes
                0x000001fe       0x33 ./src/ADC_program.o
 .ARM.attributes
                0x00000231       0x33 ./src/DIO_program.o
 .ARM.attributes
                0x00000264       0x33 ./src/ESP_program.o
 .ARM.attributes
                0x00000297       0x33 ./src/PWM_program.o
 .ARM.attributes
                0x000002ca       0x33 ./src/RCC_program.o
 .ARM.attributes
                0x000002fd       0x33 ./src/SPI_program.o
 .ARM.attributes
                0x00000330       0x33 ./src/STK_program.o
 .ARM.attributes
                0x00000363       0x33 ./src/TFT_program.o
 .ARM.attributes
                0x00000396       0x33 ./src/USART_program.o
 .ARM.attributes
                0x000003c9       0x33 ./src/VOLT_Program.o
 .ARM.attributes
                0x000003fc       0x33 ./src/main.o
 .ARM.attributes
                0x0000042f       0x1e d:/embedded/imt course/new folder/imt_arm_course/02- tools/03- imt sdk/imt_sdk_win_64/winarm/armgcc/bin/../lib/gcc/arm-none-eabi/7.2.1/thumb/v7e-m\libgcc.a(_arm_addsubdf3.o)
 .ARM.attributes
                0x0000044d       0x1e d:/embedded/imt course/new folder/imt_arm_course/02- tools/03- imt sdk/imt_sdk_win_64/winarm/armgcc/bin/../lib/gcc/arm-none-eabi/7.2.1/thumb/v7e-m\libgcc.a(_arm_muldivdf3.o)
 .ARM.attributes
                0x0000046b       0x1e d:/embedded/imt course/new folder/imt_arm_course/02- tools/03- imt sdk/imt_sdk_win_64/winarm/armgcc/bin/../lib/gcc/arm-none-eabi/7.2.1/thumb/v7e-m\libgcc.a(_arm_truncdfsf2.o)
 .ARM.attributes
                0x00000489       0x1e d:/embedded/imt course/new folder/imt_arm_course/02- tools/03- imt sdk/imt_sdk_win_64/winarm/armgcc/bin/../lib/gcc/arm-none-eabi/7.2.1/thumb/v7e-m\libgcc.a(_arm_addsubsf3.o)
 .ARM.attributes
                0x000004a7       0x1e d:/embedded/imt course/new folder/imt_arm_course/02- tools/03- imt sdk/imt_sdk_win_64/winarm/armgcc/bin/../lib/gcc/arm-none-eabi/7.2.1/thumb/v7e-m\libgcc.a(_arm_cmpsf2.o)
 .ARM.attributes
                0x000004c5       0x1e d:/embedded/imt course/new folder/imt_arm_course/02- tools/03- imt sdk/imt_sdk_win_64/winarm/armgcc/bin/../lib/gcc/arm-none-eabi/7.2.1/thumb/v7e-m\libgcc.a(_arm_fixsfsi.o)
 .ARM.attributes
                0x000004e3       0x2e d:/embedded/imt course/new folder/imt_arm_course/02- tools/03- imt sdk/imt_sdk_win_64/winarm/armgcc/bin/../lib/gcc/arm-none-eabi/7.2.1/../../../../arm-none-eabi/lib/thumb/v7e-m\libg_nano.a(lib_a-errno.o)
 .ARM.attributes
                0x00000511       0x2e d:/embedded/imt course/new folder/imt_arm_course/02- tools/03- imt sdk/imt_sdk_win_64/winarm/armgcc/bin/../lib/gcc/arm-none-eabi/7.2.1/../../../../arm-none-eabi/lib/thumb/v7e-m\libg_nano.a(lib_a-impure.o)
 .ARM.attributes
                0x0000053f       0x2e d:/embedded/imt course/new folder/imt_arm_course/02- tools/03- imt sdk/imt_sdk_win_64/winarm/armgcc/bin/../lib/gcc/arm-none-eabi/7.2.1/../../../../arm-none-eabi/lib/thumb/v7e-m\libg_nano.a(lib_a-itoa.o)
 .ARM.attributes
                0x0000056d       0x2e d:/embedded/imt course/new folder/imt_arm_course/02- tools/03- imt sdk/imt_sdk_win_64/winarm/armgcc/bin/../lib/gcc/arm-none-eabi/7.2.1/../../../../arm-none-eabi/lib/thumb/v7e-m\libg_nano.a(lib_a-utoa.o)
 .ARM.attributes
                0x0000059b       0x2e d:/embedded/imt course/new folder/imt_arm_course/02- tools/03- imt sdk/imt_sdk_win_64/winarm/armgcc/bin/../lib/gcc/arm-none-eabi/7.2.1/../../../../arm-none-eabi/lib/thumb/v7e-m\libg_nano.a(lib_a-vsnprintf.o)
 .ARM.attributes
                0x000005c9       0x2e d:/embedded/imt course/new folder/imt_arm_course/02- tools/03- imt sdk/imt_sdk_win_64/winarm/armgcc/bin/../lib/gcc/arm-none-eabi/7.2.1/../../../../arm-none-eabi/lib/thumb/v7e-m\libg_nano.a(lib_a-nano-svfprintf.o)
 .ARM.attributes
                0x000005f7       0x2e d:/embedded/imt course/new folder/imt_arm_course/02- tools/03- imt sdk/imt_sdk_win_64/winarm/armgcc/bin/../lib/gcc/arm-none-eabi/7.2.1/../../../../arm-none-eabi/lib/thumb/v7e-m\libg_nano.a(lib_a-nano-vfprintf_i.o)
 .ARM.attributes
                0x00000625       0x1c d:/embedded/imt course/new folder/imt_arm_course/02- tools/03- imt sdk/imt_sdk_win_64/winarm/armgcc/bin/../lib/gcc/arm-none-eabi/7.2.1/../../../../arm-none-eabi/lib/thumb/v7e-m\libg_nano.a(lib_a-memchr.o)
 .ARM.attributes
                0x00000641       0x2e d:/embedded/imt course/new folder/imt_arm_course/02- tools/03- imt sdk/imt_sdk_win_64/winarm/armgcc/bin/../lib/gcc/arm-none-eabi/7.2.1/../../../../arm-none-eabi/lib/thumb/v7e-m\libg_nano.a(lib_a-memcpy-stub.o)
 .ARM.attributes
                0x0000066f       0x2e d:/embedded/imt course/new folder/imt_arm_course/02- tools/03- imt sdk/imt_sdk_win_64/winarm/armgcc/bin/../lib/gcc/arm-none-eabi/7.2.1/../../../../arm-none-eabi/lib/thumb/v7e-m\libg_nano.a(lib_a-memmove.o)
 .ARM.attributes
                0x0000069d       0x2e d:/embedded/imt course/new folder/imt_arm_course/02- tools/03- imt sdk/imt_sdk_win_64/winarm/armgcc/bin/../lib/gcc/arm-none-eabi/7.2.1/../../../../arm-none-eabi/lib/thumb/v7e-m\libg_nano.a(lib_a-nano-freer.o)
 .ARM.attributes
                0x000006cb       0x2e d:/embedded/imt course/new folder/imt_arm_course/02- tools/03- imt sdk/imt_sdk_win_64/winarm/armgcc/bin/../lib/gcc/arm-none-eabi/7.2.1/../../../../arm-none-eabi/lib/thumb/v7e-m\libg_nano.a(lib_a-nano-mallocr.o)
 .ARM.attributes
                0x000006f9       0x2e d:/embedded/imt course/new folder/imt_arm_course/02- tools/03- imt sdk/imt_sdk_win_64/winarm/armgcc/bin/../lib/gcc/arm-none-eabi/7.2.1/../../../../arm-none-eabi/lib/thumb/v7e-m\libg_nano.a(lib_a-nano-reallocr.o)
 .ARM.attributes
                0x00000727       0x2e d:/embedded/imt course/new folder/imt_arm_course/02- tools/03- imt sdk/imt_sdk_win_64/winarm/armgcc/bin/../lib/gcc/arm-none-eabi/7.2.1/../../../../arm-none-eabi/lib/thumb/v7e-m\libg_nano.a(lib_a-sbrkr.o)
 .ARM.attributes
                0x00000755       0x2e d:/embedded/imt course/new folder/imt_arm_course/02- tools/03- imt sdk/imt_sdk_win_64/winarm/armgcc/bin/../lib/gcc/arm-none-eabi/7.2.1/../../../../arm-none-eabi/lib/thumb/v7e-m\libg_nano.a(lib_a-mlock.o)
 .ARM.attributes
                0x00000783       0x2e d:/embedded/imt course/new folder/imt_arm_course/02- tools/03- imt sdk/imt_sdk_win_64/winarm/armgcc/bin/../lib/gcc/arm-none-eabi/7.2.1/../../../../arm-none-eabi/lib/thumb/v7e-m\libg_nano.a(lib_a-nano-msizer.o)

.debug
 *(.debug)

.line
 *(.line)

.debug_srcinfo
 *(.debug_srcinfo)

.debug_sfnames
 *(.debug_sfnames)

.debug_aranges  0x00000000      0x578
 *(.debug_aranges)
 .debug_aranges
                0x00000000       0x28 ./system/src/newlib/_exit.o
 .debug_aranges
                0x00000028       0x20 ./system/src/newlib/_sbrk.o
 .debug_aranges
                0x00000048       0x40 ./system/src/newlib/_startup.o
 .debug_aranges
                0x00000088       0x30 ./system/src/newlib/_syscalls.o
 .debug_aranges
                0x000000b8       0x38 ./system/src/diag/Trace.o
 .debug_aranges
                0x000000f0       0x30 ./system/src/diag/trace_impl.o
 .debug_aranges
                0x00000120       0x28 ./system/src/cortexm/_initialize_hardware.o
 .debug_aranges
                0x00000148       0x90 ./system/src/cortexm/exception_handlers.o
 .debug_aranges
                0x000001d8       0x30 ./system/src/cmsis/system_stm32f30x.o
 .debug_aranges
                0x00000208       0x20 ./system/src/cmsis/vectors_stm32f30x.o
 .debug_aranges
                0x00000228       0x38 ./src/ADC_program.o
 .debug_aranges
                0x00000260       0x58 ./src/DIO_program.o
 .debug_aranges
                0x000002b8       0x38 ./src/ESP_program.o
 .debug_aranges
                0x000002f0       0x30 ./src/PWM_program.o
 .debug_aranges
                0x00000320       0x30 ./src/RCC_program.o
 .debug_aranges
                0x00000350       0x40 ./src/SPI_program.o
 .debug_aranges
                0x00000390       0x58 ./src/STK_program.o
 .debug_aranges
                0x000003e8       0x70 ./src/TFT_program.o
 .debug_aranges
                0x00000458       0xd8 ./src/USART_program.o
 .debug_aranges
                0x00000530       0x20 ./src/VOLT_Program.o
 .debug_aranges
                0x00000550       0x28 ./src/main.o

.debug_pubnames
 *(.debug_pubnames)

.debug_info     0x00000000     0x86cc
 *(.debug_info .gnu.linkonce.wi.*)
 .debug_info    0x00000000      0x956 ./system/src/newlib/_exit.o
 .debug_info    0x00000956      0x942 ./system/src/newlib/_sbrk.o
 .debug_info    0x00001298      0x4bf ./system/src/newlib/_startup.o
 .debug_info    0x00001757      0xa19 ./system/src/newlib/_syscalls.o
 .debug_info    0x00002170      0xb2a ./system/src/diag/Trace.o
 .debug_info    0x00002c9a      0x363 ./system/src/diag/trace_impl.o
 .debug_info    0x00002ffd      0x2b5 ./system/src/cortexm/_initialize_hardware.o
 .debug_info    0x000032b2     0x115a ./system/src/cortexm/exception_handlers.o
 .debug_info    0x0000440c      0x4a6 ./system/src/cmsis/system_stm32f30x.o
 .debug_info    0x000048b2       0xca ./system/src/cmsis/vectors_stm32f30x.o
 .debug_info    0x0000497c      0x319 ./src/ADC_program.o
 .debug_info    0x00004c95      0x3ed ./src/DIO_program.o
 .debug_info    0x00005082      0x4f4 ./src/ESP_program.o
 .debug_info    0x00005576      0x434 ./src/PWM_program.o
 .debug_info    0x000059aa       0xe2 ./src/RCC_program.o
 .debug_info    0x00005a8c      0x28e ./src/SPI_program.o
 .debug_info    0x00005d1a      0x1e9 ./src/STK_program.o
 .debug_info    0x00005f03      0x98b ./src/TFT_program.o
 .debug_info    0x0000688e      0x81c ./src/USART_program.o
 .debug_info    0x000070aa       0xd7 ./src/VOLT_Program.o
 .debug_info    0x00007181     0x154b ./src/main.o

.debug_abbrev   0x00000000     0x205b
 *(.debug_abbrev)
 .debug_abbrev  0x00000000      0x1f3 ./system/src/newlib/_exit.o
 .debug_abbrev  0x000001f3      0x1fc ./system/src/newlib/_sbrk.o
 .debug_abbrev  0x000003ef      0x1cb ./system/src/newlib/_startup.o
 .debug_abbrev  0x000005ba      0x234 ./system/src/newlib/_syscalls.o
 .debug_abbrev  0x000007ee      0x276 ./system/src/diag/Trace.o
 .debug_abbrev  0x00000a64      0x1e2 ./system/src/diag/trace_impl.o
 .debug_abbrev  0x00000c46       0xea ./system/src/cortexm/_initialize_hardware.o
 .debug_abbrev  0x00000d30      0x32b ./system/src/cortexm/exception_handlers.o
 .debug_abbrev  0x0000105b      0x177 ./system/src/cmsis/system_stm32f30x.o
 .debug_abbrev  0x000011d2       0x9d ./system/src/cmsis/vectors_stm32f30x.o
 .debug_abbrev  0x0000126f      0x153 ./src/ADC_program.o
 .debug_abbrev  0x000013c2      0x100 ./src/DIO_program.o
 .debug_abbrev  0x000014c2      0x114 ./src/ESP_program.o
 .debug_abbrev  0x000015d6      0x162 ./src/PWM_program.o
 .debug_abbrev  0x00001738       0x70 ./src/RCC_program.o
 .debug_abbrev  0x000017a8      0x143 ./src/SPI_program.o
 .debug_abbrev  0x000018eb      0x12f ./src/STK_program.o
 .debug_abbrev  0x00001a1a      0x150 ./src/TFT_program.o
 .debug_abbrev  0x00001b6a      0x1cb ./src/USART_program.o
 .debug_abbrev  0x00001d35       0x9c ./src/VOLT_Program.o
 .debug_abbrev  0x00001dd1      0x28a ./src/main.o

.debug_line     0x00000000     0x409c
 *(.debug_line)
 .debug_line    0x00000000      0x407 ./system/src/newlib/_exit.o
 .debug_line    0x00000407      0x3bb ./system/src/newlib/_sbrk.o
 .debug_line    0x000007c2      0x483 ./system/src/newlib/_startup.o
 .debug_line    0x00000c45      0x4ff ./system/src/newlib/_syscalls.o
 .debug_line    0x00001144      0x483 ./system/src/diag/Trace.o
 .debug_line    0x000015c7      0x6fc ./system/src/diag/trace_impl.o
 .debug_line    0x00001cc3      0x3ae ./system/src/cortexm/_initialize_hardware.o
 .debug_line    0x00002071      0x7be ./system/src/cortexm/exception_handlers.o
 .debug_line    0x0000282f      0x3f8 ./system/src/cmsis/system_stm32f30x.o
 .debug_line    0x00002c27      0x12e ./system/src/cmsis/vectors_stm32f30x.o
 .debug_line    0x00002d55       0xfe ./src/ADC_program.o
 .debug_line    0x00002e53      0x19e ./src/DIO_program.o
 .debug_line    0x00002ff1      0x11c ./src/ESP_program.o
 .debug_line    0x0000310d      0x123 ./src/PWM_program.o
 .debug_line    0x00003230       0xe8 ./src/RCC_program.o
 .debug_line    0x00003318      0x14d ./src/SPI_program.o
 .debug_line    0x00003465      0x138 ./src/STK_program.o
 .debug_line    0x0000359d      0x218 ./src/TFT_program.o
 .debug_line    0x000037b5      0x2e9 ./src/USART_program.o
 .debug_line    0x00003a9e       0xa8 ./src/VOLT_Program.o
 .debug_line    0x00003b46      0x556 ./src/main.o

.debug_frame    0x00000000     0x10fc
 *(.debug_frame)
 .debug_frame   0x00000000       0x38 ./system/src/newlib/_exit.o
 .debug_frame   0x00000038       0x28 ./system/src/newlib/_sbrk.o
 .debug_frame   0x00000060       0x7c ./system/src/newlib/_startup.o
 .debug_frame   0x000000dc       0x50 ./system/src/newlib/_syscalls.o
 .debug_frame   0x0000012c       0x94 ./system/src/diag/Trace.o
 .debug_frame   0x000001c0       0x64 ./system/src/diag/trace_impl.o
 .debug_frame   0x00000224       0x40 ./system/src/cortexm/_initialize_hardware.o
 .debug_frame   0x00000264      0x158 ./system/src/cortexm/exception_handlers.o
 .debug_frame   0x000003bc       0x54 ./system/src/cmsis/system_stm32f30x.o
 .debug_frame   0x00000410       0x20 ./system/src/cmsis/vectors_stm32f30x.o
 .debug_frame   0x00000430       0x5c ./src/ADC_program.o
 .debug_frame   0x0000048c       0xb4 ./src/DIO_program.o
 .debug_frame   0x00000540       0x7c ./src/ESP_program.o
 .debug_frame   0x000005bc       0x70 ./src/PWM_program.o
 .debug_frame   0x0000062c       0x40 ./src/RCC_program.o
 .debug_frame   0x0000066c       0x8c ./src/SPI_program.o
 .debug_frame   0x000006f8       0x98 ./src/STK_program.o
 .debug_frame   0x00000790      0x154 ./src/TFT_program.o
 .debug_frame   0x000008e4      0x1fc ./src/USART_program.o
 .debug_frame   0x00000ae0       0x28 ./src/VOLT_Program.o
 .debug_frame   0x00000b08       0x54 ./src/main.o
 .debug_frame   0x00000b5c       0xac d:/embedded/imt course/new folder/imt_arm_course/02- tools/03- imt sdk/imt_sdk_win_64/winarm/armgcc/bin/../lib/gcc/arm-none-eabi/7.2.1/thumb/v7e-m\libgcc.a(_arm_addsubdf3.o)
 .debug_frame   0x00000c08       0x50 d:/embedded/imt course/new folder/imt_arm_course/02- tools/03- imt sdk/imt_sdk_win_64/winarm/armgcc/bin/../lib/gcc/arm-none-eabi/7.2.1/thumb/v7e-m\libgcc.a(_arm_muldivdf3.o)
 .debug_frame   0x00000c58       0x24 d:/embedded/imt course/new folder/imt_arm_course/02- tools/03- imt sdk/imt_sdk_win_64/winarm/armgcc/bin/../lib/gcc/arm-none-eabi/7.2.1/thumb/v7e-m\libgcc.a(_arm_truncdfsf2.o)
 .debug_frame   0x00000c7c       0x4c d:/embedded/imt course/new folder/imt_arm_course/02- tools/03- imt sdk/imt_sdk_win_64/winarm/armgcc/bin/../lib/gcc/arm-none-eabi/7.2.1/thumb/v7e-m\libgcc.a(_arm_addsubsf3.o)
 .debug_frame   0x00000cc8       0xc8 d:/embedded/imt course/new folder/imt_arm_course/02- tools/03- imt sdk/imt_sdk_win_64/winarm/armgcc/bin/../lib/gcc/arm-none-eabi/7.2.1/thumb/v7e-m\libgcc.a(_arm_cmpsf2.o)
 .debug_frame   0x00000d90       0x24 d:/embedded/imt course/new folder/imt_arm_course/02- tools/03- imt sdk/imt_sdk_win_64/winarm/armgcc/bin/../lib/gcc/arm-none-eabi/7.2.1/thumb/v7e-m\libgcc.a(_arm_fixsfsi.o)
 .debug_frame   0x00000db4       0x20 d:/embedded/imt course/new folder/imt_arm_course/02- tools/03- imt sdk/imt_sdk_win_64/winarm/armgcc/bin/../lib/gcc/arm-none-eabi/7.2.1/../../../../arm-none-eabi/lib/thumb/v7e-m\libg_nano.a(lib_a-errno.o)
 .debug_frame   0x00000dd4       0x38 d:/embedded/imt course/new folder/imt_arm_course/02- tools/03- imt sdk/imt_sdk_win_64/winarm/armgcc/bin/../lib/gcc/arm-none-eabi/7.2.1/../../../../arm-none-eabi/lib/thumb/v7e-m\libg_nano.a(lib_a-itoa.o)
 .debug_frame   0x00000e0c       0x48 d:/embedded/imt course/new folder/imt_arm_course/02- tools/03- imt sdk/imt_sdk_win_64/winarm/armgcc/bin/../lib/gcc/arm-none-eabi/7.2.1/../../../../arm-none-eabi/lib/thumb/v7e-m\libg_nano.a(lib_a-utoa.o)
 .debug_frame   0x00000e54       0x4c d:/embedded/imt course/new folder/imt_arm_course/02- tools/03- imt sdk/imt_sdk_win_64/winarm/armgcc/bin/../lib/gcc/arm-none-eabi/7.2.1/../../../../arm-none-eabi/lib/thumb/v7e-m\libg_nano.a(lib_a-vsnprintf.o)
 .debug_frame   0x00000ea0       0x90 d:/embedded/imt course/new folder/imt_arm_course/02- tools/03- imt sdk/imt_sdk_win_64/winarm/armgcc/bin/../lib/gcc/arm-none-eabi/7.2.1/../../../../arm-none-eabi/lib/thumb/v7e-m\libg_nano.a(lib_a-nano-svfprintf.o)
 .debug_frame   0x00000f30       0x60 d:/embedded/imt course/new folder/imt_arm_course/02- tools/03- imt sdk/imt_sdk_win_64/winarm/armgcc/bin/../lib/gcc/arm-none-eabi/7.2.1/../../../../arm-none-eabi/lib/thumb/v7e-m\libg_nano.a(lib_a-nano-vfprintf_i.o)
 .debug_frame   0x00000f90       0x28 d:/embedded/imt course/new folder/imt_arm_course/02- tools/03- imt sdk/imt_sdk_win_64/winarm/armgcc/bin/../lib/gcc/arm-none-eabi/7.2.1/../../../../arm-none-eabi/lib/thumb/v7e-m\libg_nano.a(lib_a-memcpy-stub.o)
 .debug_frame   0x00000fb8       0x28 d:/embedded/imt course/new folder/imt_arm_course/02- tools/03- imt sdk/imt_sdk_win_64/winarm/armgcc/bin/../lib/gcc/arm-none-eabi/7.2.1/../../../../arm-none-eabi/lib/thumb/v7e-m\libg_nano.a(lib_a-memmove.o)
 .debug_frame   0x00000fe0       0x38 d:/embedded/imt course/new folder/imt_arm_course/02- tools/03- imt sdk/imt_sdk_win_64/winarm/armgcc/bin/../lib/gcc/arm-none-eabi/7.2.1/../../../../arm-none-eabi/lib/thumb/v7e-m\libg_nano.a(lib_a-nano-freer.o)
 .debug_frame   0x00001018       0x2c d:/embedded/imt course/new folder/imt_arm_course/02- tools/03- imt sdk/imt_sdk_win_64/winarm/armgcc/bin/../lib/gcc/arm-none-eabi/7.2.1/../../../../arm-none-eabi/lib/thumb/v7e-m\libg_nano.a(lib_a-nano-mallocr.o)
 .debug_frame   0x00001044       0x3c d:/embedded/imt course/new folder/imt_arm_course/02- tools/03- imt sdk/imt_sdk_win_64/winarm/armgcc/bin/../lib/gcc/arm-none-eabi/7.2.1/../../../../arm-none-eabi/lib/thumb/v7e-m\libg_nano.a(lib_a-nano-reallocr.o)
 .debug_frame   0x00001080       0x2c d:/embedded/imt course/new folder/imt_arm_course/02- tools/03- imt sdk/imt_sdk_win_64/winarm/armgcc/bin/../lib/gcc/arm-none-eabi/7.2.1/../../../../arm-none-eabi/lib/thumb/v7e-m\libg_nano.a(lib_a-sbrkr.o)
 .debug_frame   0x000010ac       0x30 d:/embedded/imt course/new folder/imt_arm_course/02- tools/03- imt sdk/imt_sdk_win_64/winarm/armgcc/bin/../lib/gcc/arm-none-eabi/7.2.1/../../../../arm-none-eabi/lib/thumb/v7e-m\libg_nano.a(lib_a-mlock.o)
 .debug_frame   0x000010dc       0x20 d:/embedded/imt course/new folder/imt_arm_course/02- tools/03- imt sdk/imt_sdk_win_64/winarm/armgcc/bin/../lib/gcc/arm-none-eabi/7.2.1/../../../../arm-none-eabi/lib/thumb/v7e-m\libg_nano.a(lib_a-nano-msizer.o)

.debug_str      0x00000000    0x5d583
 *(.debug_str)
 .debug_str     0x00000000     0x7d06 ./system/src/newlib/_exit.o
                               0x7ed9 (size before relaxing)
 .debug_str     0x00007d06      0x4f5 ./system/src/newlib/_sbrk.o
                               0x728b (size before relaxing)
 .debug_str     0x000081fb      0xc23 ./system/src/newlib/_startup.o
                               0x6a2c (size before relaxing)
 .debug_str     0x00008e1e      0xe8b ./system/src/newlib/_syscalls.o
                               0x8166 (size before relaxing)
 .debug_str     0x00009ca9      0x826 ./system/src/diag/Trace.o
                               0x8651 (size before relaxing)
 .debug_str     0x0000a4cf    0x5078e ./system/src/diag/trace_impl.o
                              0x57f0c (size before relaxing)
 .debug_str     0x0005ac5d       0xc4 ./system/src/cortexm/_initialize_hardware.o
                              0x53cfd (size before relaxing)
 .debug_str     0x0005ad21      0x1a6 ./system/src/cortexm/exception_handlers.o
                              0x59131 (size before relaxing)
 .debug_str     0x0005aec7      0x10b ./system/src/cmsis/system_stm32f30x.o
                              0x53d8e (size before relaxing)
 .debug_str     0x0005afd2       0x57 ./system/src/cmsis/vectors_stm32f30x.o
                               0x3867 (size before relaxing)
 .debug_str     0x0005b029      0x64b ./src/ADC_program.o
                               0x33c4 (size before relaxing)
 .debug_str     0x0005b674      0x729 ./src/DIO_program.o
                               0x35a6 (size before relaxing)
 .debug_str     0x0005bd9d      0x196 ./src/ESP_program.o
                               0x305f (size before relaxing)
 .debug_str     0x0005bf33      0x1da ./src/PWM_program.o
                               0x3457 (size before relaxing)
 .debug_str     0x0005c10d      0x617 ./src/RCC_program.o
                               0x385c (size before relaxing)
 .debug_str     0x0005c724      0x278 ./src/SPI_program.o
                               0x310c (size before relaxing)
 .debug_str     0x0005c99c      0x1cb ./src/STK_program.o
                               0x3083 (size before relaxing)
 .debug_str     0x0005cb67      0x460 ./src/TFT_program.o
                               0x3515 (size before relaxing)
 .debug_str     0x0005cfc7      0x483 ./src/USART_program.o
                               0x374b (size before relaxing)
 .debug_str     0x0005d44a       0x8d ./src/VOLT_Program.o
                               0x2f32 (size before relaxing)
 .debug_str     0x0005d4d7       0xac ./src/main.o
                               0x83e7 (size before relaxing)

.debug_loc      0x00000000     0x1e23
 *(.debug_loc)
 .debug_loc     0x00000000       0x85 ./system/src/newlib/_sbrk.o
 .debug_loc     0x00000085      0x2cb ./system/src/newlib/_startup.o
 .debug_loc     0x00000350       0x63 ./system/src/newlib/_syscalls.o
 .debug_loc     0x000003b3       0xf6 ./system/src/diag/Trace.o
 .debug_loc     0x000004a9      0x121 ./system/src/diag/trace_impl.o
 .debug_loc     0x000005ca      0x291 ./system/src/cortexm/exception_handlers.o
 .debug_loc     0x0000085b       0xff ./system/src/cmsis/system_stm32f30x.o
 .debug_loc     0x0000095a       0x60 ./src/ADC_program.o
 .debug_loc     0x000009ba      0x5c1 ./src/DIO_program.o
 .debug_loc     0x00000f7b      0x134 ./src/ESP_program.o
 .debug_loc     0x000010af      0x204 ./src/PWM_program.o
 .debug_loc     0x000012b3      0x14c ./src/RCC_program.o
 .debug_loc     0x000013ff      0x13b ./src/SPI_program.o
 .debug_loc     0x0000153a       0x83 ./src/STK_program.o
 .debug_loc     0x000015bd      0x4c2 ./src/TFT_program.o
 .debug_loc     0x00001a7f      0x343 ./src/USART_program.o
 .debug_loc     0x00001dc2       0x42 ./src/VOLT_Program.o
 .debug_loc     0x00001e04       0x1f ./src/main.o

.debug_macinfo
 *(.debug_macinfo)

.debug_weaknames
 *(.debug_weaknames)

.debug_funcnames
 *(.debug_funcnames)

.debug_typenames
 *(.debug_typenames)

.debug_varnames
 *(.debug_varnames)
OUTPUT(GP_ChargerECU.elf elf32-littlearm)

.debug_ranges   0x00000000      0x518
 .debug_ranges  0x00000000       0x18 ./system/src/newlib/_exit.o
 .debug_ranges  0x00000018       0x10 ./system/src/newlib/_sbrk.o
 .debug_ranges  0x00000028       0x90 ./system/src/newlib/_startup.o
 .debug_ranges  0x000000b8       0x20 ./system/src/newlib/_syscalls.o
 .debug_ranges  0x000000d8       0x28 ./system/src/diag/Trace.o
 .debug_ranges  0x00000100       0x50 ./system/src/diag/trace_impl.o
 .debug_ranges  0x00000150       0x18 ./system/src/cortexm/_initialize_hardware.o
 .debug_ranges  0x00000168       0x80 ./system/src/cortexm/exception_handlers.o
 .debug_ranges  0x000001e8       0x20 ./system/src/cmsis/system_stm32f30x.o
 .debug_ranges  0x00000208       0x10 ./system/src/cmsis/vectors_stm32f30x.o
 .debug_ranges  0x00000218       0x28 ./src/ADC_program.o
 .debug_ranges  0x00000240       0x48 ./src/DIO_program.o
 .debug_ranges  0x00000288       0x28 ./src/ESP_program.o
 .debug_ranges  0x000002b0       0x38 ./src/PWM_program.o
 .debug_ranges  0x000002e8       0x20 ./src/RCC_program.o
 .debug_ranges  0x00000308       0x30 ./src/SPI_program.o
 .debug_ranges  0x00000338       0x48 ./src/STK_program.o
 .debug_ranges  0x00000380       0x90 ./src/TFT_program.o
 .debug_ranges  0x00000410       0xe0 ./src/USART_program.o
 .debug_ranges  0x000004f0       0x10 ./src/VOLT_Program.o
 .debug_ranges  0x00000500       0x18 ./src/main.o

.debug_macro    0x00000000     0x3c4f
 .debug_macro   0x00000000      0x1b4 ./system/src/newlib/_exit.o
 .debug_macro   0x000001b4       0x9c ./system/src/newlib/_exit.o
 .debug_macro   0x00000250      0x10e ./system/src/newlib/_exit.o
 .debug_macro   0x0000035e       0x8d ./system/src/newlib/_exit.o
 .debug_macro   0x000003eb       0x43 ./system/src/newlib/_exit.o
 .debug_macro   0x0000042e      0x330 ./system/src/newlib/_exit.o
 .debug_macro   0x0000075e       0x35 ./system/src/newlib/_exit.o
 .debug_macro   0x00000793      0x169 ./system/src/newlib/_sbrk.o
 .debug_macro   0x000008fc      0x174 ./system/src/newlib/_sbrk.o
 .debug_macro   0x00000a70       0x10 ./system/src/newlib/_sbrk.o
 .debug_macro   0x00000a80      0x23b ./system/src/newlib/_sbrk.o
 .debug_macro   0x00000cbb      0x173 ./system/src/newlib/_startup.o
 .debug_macro   0x00000e2e      0xa72 ./system/src/newlib/_startup.o
 .debug_macro   0x000018a0      0x217 ./system/src/newlib/_syscalls.o
 .debug_macro   0x00001ab7       0x1c ./system/src/newlib/_syscalls.o
 .debug_macro   0x00001ad3       0x10 ./system/src/newlib/_syscalls.o
 .debug_macro   0x00001ae3       0x10 ./system/src/newlib/_syscalls.o
 .debug_macro   0x00001af3       0x10 ./system/src/newlib/_syscalls.o
 .debug_macro   0x00001b03       0x35 ./system/src/newlib/_syscalls.o
 .debug_macro   0x00001b38      0x122 ./system/src/newlib/_syscalls.o
 .debug_macro   0x00001c5a       0x88 ./system/src/newlib/_syscalls.o
 .debug_macro   0x00001ce2       0x2b ./system/src/newlib/_syscalls.o
 .debug_macro   0x00001d0d      0x118 ./system/src/newlib/_syscalls.o
 .debug_macro   0x00001e25      0x189 ./system/src/newlib/_syscalls.o
 .debug_macro   0x00001fae       0x16 ./system/src/newlib/_syscalls.o
 .debug_macro   0x00001fc4      0x1fb ./system/src/diag/Trace.o
 .debug_macro   0x000021bf       0x16 ./system/src/diag/Trace.o
 .debug_macro   0x000021d5       0x97 ./system/src/diag/Trace.o
 .debug_macro   0x0000226c       0xfd ./system/src/diag/Trace.o
 .debug_macro   0x00002369       0x10 ./system/src/diag/Trace.o
 .debug_macro   0x00002379       0x16 ./system/src/diag/Trace.o
 .debug_macro   0x0000238f      0x16f ./system/src/diag/Trace.o
 .debug_macro   0x000024fe       0x4c ./system/src/diag/Trace.o
 .debug_macro   0x0000254a       0x16 ./system/src/diag/Trace.o
 .debug_macro   0x00002560      0x2db ./system/src/diag/trace_impl.o
 .debug_macro   0x0000283b       0x10 ./system/src/diag/trace_impl.o
 .debug_macro   0x0000284b       0xcf ./system/src/diag/trace_impl.o
 .debug_macro   0x0000291a       0xbe ./system/src/diag/trace_impl.o
 .debug_macro   0x000029d8       0x22 ./system/src/diag/trace_impl.o
 .debug_macro   0x000029fa      0x16c ./system/src/cortexm/_initialize_hardware.o
 .debug_macro   0x00002b66      0x325 ./system/src/cortexm/exception_handlers.o
 .debug_macro   0x00002e8b       0x3b ./system/src/cortexm/exception_handlers.o
 .debug_macro   0x00002ec6       0x10 ./system/src/cortexm/exception_handlers.o
 .debug_macro   0x00002ed6      0x168 ./system/src/cmsis/system_stm32f30x.o
 .debug_macro   0x0000303e       0x34 ./system/src/cmsis/vectors_stm32f30x.o
 .debug_macro   0x00003072       0x54 ./src/ADC_program.o
 .debug_macro   0x000030c6       0x34 ./src/ADC_program.o
 .debug_macro   0x000030fa      0x136 ./src/ADC_program.o
 .debug_macro   0x00003230       0x16 ./src/ADC_program.o
 .debug_macro   0x00003246       0x4a ./src/DIO_program.o
 .debug_macro   0x00003290       0x1c ./src/DIO_program.o
 .debug_macro   0x000032ac       0x8e ./src/DIO_program.o
 .debug_macro   0x0000333a       0x5e ./src/ESP_program.o
 .debug_macro   0x00003398       0x1c ./src/ESP_program.o
 .debug_macro   0x000033b4       0x54 ./src/PWM_program.o
 .debug_macro   0x00003408       0x16 ./src/PWM_program.o
 .debug_macro   0x0000341e       0x49 ./src/RCC_program.o
 .debug_macro   0x00003467      0x17e ./src/RCC_program.o
 .debug_macro   0x000035e5       0x46 ./src/RCC_program.o
 .debug_macro   0x0000362b       0x40 ./src/SPI_program.o
 .debug_macro   0x0000366b       0x10 ./src/SPI_program.o
 .debug_macro   0x0000367b       0xc4 ./src/SPI_program.o
 .debug_macro   0x0000373f       0x44 ./src/STK_program.o
 .debug_macro   0x00003783       0x28 ./src/STK_program.o
 .debug_macro   0x000037ab       0x10 ./src/STK_program.o
 .debug_macro   0x000037bb       0x66 ./src/TFT_program.o
 .debug_macro   0x00003821       0xac ./src/TFT_program.o
 .debug_macro   0x000038cd       0x28 ./src/TFT_program.o
 .debug_macro   0x000038f5       0x16 ./src/TFT_program.o
 .debug_macro   0x0000390b       0x54 ./src/USART_program.o
 .debug_macro   0x0000395f       0x1c ./src/USART_program.o
 .debug_macro   0x0000397b       0x41 ./src/VOLT_Program.o
 .debug_macro   0x000039bc       0x16 ./src/VOLT_Program.o
 .debug_macro   0x000039d2      0x25b ./src/main.o
 .debug_macro   0x00003c2d       0x22 ./src/main.o
