Archive member included to satisfy reference by file (symbol)

d:/embedded/imt course/new folder/imt_arm_course/02- tools/03- imt sdk/imt_sdk_win_64/winarm/armgcc/bin/../lib/gcc/arm-none-eabi/7.2.1/../../../../arm-none-eabi/lib/thumb/v7e-m\libg_nano.a(lib_a-errno.o)
                              ./system/src/newlib/_sbrk.o (__errno)
d:/embedded/imt course/new folder/imt_arm_course/02- tools/03- imt sdk/imt_sdk_win_64/winarm/armgcc/bin/../lib/gcc/arm-none-eabi/7.2.1/../../../../arm-none-eabi/lib/thumb/v7e-m\libg_nano.a(lib_a-impure.o)
                              d:/embedded/imt course/new folder/imt_arm_course/02- tools/03- imt sdk/imt_sdk_win_64/winarm/armgcc/bin/../lib/gcc/arm-none-eabi/7.2.1/../../../../arm-none-eabi/lib/thumb/v7e-m\libg_nano.a(lib_a-errno.o) (_impure_ptr)
d:/embedded/imt course/new folder/imt_arm_course/02- tools/03- imt sdk/imt_sdk_win_64/winarm/armgcc/bin/../lib/gcc/arm-none-eabi/7.2.1/../../../../arm-none-eabi/lib/thumb/v7e-m\libg_nano.a(lib_a-strlen.o)
                              ./system/src/diag/Trace.o (strlen)
d:/embedded/imt course/new folder/imt_arm_course/02- tools/03- imt sdk/imt_sdk_win_64/winarm/armgcc/bin/../lib/gcc/arm-none-eabi/7.2.1/../../../../arm-none-eabi/lib/thumb/v7e-m\libg_nano.a(lib_a-vsnprintf.o)
                              ./system/src/diag/Trace.o (vsnprintf)
d:/embedded/imt course/new folder/imt_arm_course/02- tools/03- imt sdk/imt_sdk_win_64/winarm/armgcc/bin/../lib/gcc/arm-none-eabi/7.2.1/../../../../arm-none-eabi/lib/thumb/v7e-m\libg_nano.a(lib_a-nano-svfprintf.o)
                              d:/embedded/imt course/new folder/imt_arm_course/02- tools/03- imt sdk/imt_sdk_win_64/winarm/armgcc/bin/../lib/gcc/arm-none-eabi/7.2.1/../../../../arm-none-eabi/lib/thumb/v7e-m\libg_nano.a(lib_a-vsnprintf.o) (_svfprintf_r)
d:/embedded/imt course/new folder/imt_arm_course/02- tools/03- imt sdk/imt_sdk_win_64/winarm/armgcc/bin/../lib/gcc/arm-none-eabi/7.2.1/../../../../arm-none-eabi/lib/thumb/v7e-m\libg_nano.a(lib_a-nano-vfprintf_i.o)
                              d:/embedded/imt course/new folder/imt_arm_course/02- tools/03- imt sdk/imt_sdk_win_64/winarm/armgcc/bin/../lib/gcc/arm-none-eabi/7.2.1/../../../../arm-none-eabi/lib/thumb/v7e-m\libg_nano.a(lib_a-nano-svfprintf.o) (_printf_i)
d:/embedded/imt course/new folder/imt_arm_course/02- tools/03- imt sdk/imt_sdk_win_64/winarm/armgcc/bin/../lib/gcc/arm-none-eabi/7.2.1/../../../../arm-none-eabi/lib/thumb/v7e-m\libg_nano.a(lib_a-memchr.o)
                              d:/embedded/imt course/new folder/imt_arm_course/02- tools/03- imt sdk/imt_sdk_win_64/winarm/armgcc/bin/../lib/gcc/arm-none-eabi/7.2.1/../../../../arm-none-eabi/lib/thumb/v7e-m\libg_nano.a(lib_a-nano-svfprintf.o) (memchr)
d:/embedded/imt course/new folder/imt_arm_course/02- tools/03- imt sdk/imt_sdk_win_64/winarm/armgcc/bin/../lib/gcc/arm-none-eabi/7.2.1/../../../../arm-none-eabi/lib/thumb/v7e-m\libg_nano.a(lib_a-memcpy-stub.o)
                              d:/embedded/imt course/new folder/imt_arm_course/02- tools/03- imt sdk/imt_sdk_win_64/winarm/armgcc/bin/../lib/gcc/arm-none-eabi/7.2.1/../../../../arm-none-eabi/lib/thumb/v7e-m\libg_nano.a(lib_a-nano-svfprintf.o) (memcpy)
d:/embedded/imt course/new folder/imt_arm_course/02- tools/03- imt sdk/imt_sdk_win_64/winarm/armgcc/bin/../lib/gcc/arm-none-eabi/7.2.1/../../../../arm-none-eabi/lib/thumb/v7e-m\libg_nano.a(lib_a-memmove.o)
                              d:/embedded/imt course/new folder/imt_arm_course/02- tools/03- imt sdk/imt_sdk_win_64/winarm/armgcc/bin/../lib/gcc/arm-none-eabi/7.2.1/../../../../arm-none-eabi/lib/thumb/v7e-m\libg_nano.a(lib_a-nano-svfprintf.o) (memmove)
d:/embedded/imt course/new folder/imt_arm_course/02- tools/03- imt sdk/imt_sdk_win_64/winarm/armgcc/bin/../lib/gcc/arm-none-eabi/7.2.1/../../../../arm-none-eabi/lib/thumb/v7e-m\libg_nano.a(lib_a-nano-freer.o)
                              d:/embedded/imt course/new folder/imt_arm_course/02- tools/03- imt sdk/imt_sdk_win_64/winarm/armgcc/bin/../lib/gcc/arm-none-eabi/7.2.1/../../../../arm-none-eabi/lib/thumb/v7e-m\libg_nano.a(lib_a-nano-svfprintf.o) (_free_r)
d:/embedded/imt course/new folder/imt_arm_course/02- tools/03- imt sdk/imt_sdk_win_64/winarm/armgcc/bin/../lib/gcc/arm-none-eabi/7.2.1/../../../../arm-none-eabi/lib/thumb/v7e-m\libg_nano.a(lib_a-nano-mallocr.o)
                              d:/embedded/imt course/new folder/imt_arm_course/02- tools/03- imt sdk/imt_sdk_win_64/winarm/armgcc/bin/../lib/gcc/arm-none-eabi/7.2.1/../../../../arm-none-eabi/lib/thumb/v7e-m\libg_nano.a(lib_a-nano-svfprintf.o) (_malloc_r)
d:/embedded/imt course/new folder/imt_arm_course/02- tools/03- imt sdk/imt_sdk_win_64/winarm/armgcc/bin/../lib/gcc/arm-none-eabi/7.2.1/../../../../arm-none-eabi/lib/thumb/v7e-m\libg_nano.a(lib_a-nano-reallocr.o)
[...]
Memory Configuration

Name             Origin             Length             Attributes
RAM              0x20000000         0x0000a000         xrw
CCMRAM           0x10000000         0x00002000         xrw
FLASH            0x08000000         0x00040000         xr
FLASHB1          0x00000000         0x00000000         xr
EXTMEMB0         0x00000000         0x00000000         xr
EXTMEMB1         0x00000000         0x00000000         xr
EXTMEMB2         0x00000000         0x00000000         xr
EXTMEMB3         0x00000000         0x00000000         xr
MEMORY_ARRAY     0x20002000         0x00000000         xrw
*default*        0x00000000         0xffffffff

Linker script and memory map

LOAD ./system/src/stm32f3-stdperiph/stm32f30x_gpio.o
LOAD ./system/src/stm32f3-stdperiph/stm32f30x_rcc.o
LOAD ./system/src/newlib/_cxx.o
LOAD ./system/src/newlib/_exit.o
LOAD ./system/src/newlib/_sbrk.o
LOAD ./system/src/newlib/_startup.o
LOAD ./system/src/newlib/_syscalls.o
LOAD ./system/src/newlib/assert.o
LOAD ./system/src/diag/Trace.o
LOAD ./system/src/diag/trace_impl.o
LOAD ./system/src/cortexm/_initialize_hardware.o
LOAD ./system/src/cortexm/_reset_hardware.o
LOAD ./system/src/cortexm/exception_handlers.o
LOAD ./system/src/cmsis/system_stm32f30x.o
LOAD ./system/src/cmsis/vectors_stm32f30x.o
LOAD ./src/DIO_program.o
LOAD ./src/RCC_program.o
LOAD ./src/STK_program.o
LOAD ./src/USART_program.o
LOAD ./src/main.o
LOAD d:/embedded/imt course/new folder/imt_arm_course/02- tools/03- imt sdk/imt_sdk_win_64/winarm/armgcc/bin/../lib/gcc/arm-none-eabi/7.2.1/../../../../arm-none-eabi/lib/thumb/v7e-m\libstdc++_nano.a
LOAD d:/embedded/imt course/new folder/imt_arm_course/02- tools/03- imt sdk/imt_sdk_win_64/winarm/armgcc/bin/../lib/gcc/arm-none-eabi/7.2.1/../../../../arm-none-eabi/lib/thumb/v7e-m\libm.a
START GROUP
LOAD d:/embedded/imt course/new folder/imt_arm_course/02- tools/03- imt sdk/imt_sdk_win_64/winarm/armgcc/bin/../lib/gcc/arm-none-eabi/7.2.1/thumb/v7e-m\libgcc.a
LOAD d:/embedded/imt course/new folder/imt_arm_course/02- tools/03- imt sdk/imt_sdk_win_64/winarm/armgcc/bin/../lib/gcc/arm-none-eabi/7.2.1/../../../../arm-none-eabi/lib/thumb/v7e-m\libg_nano.a
LOAD d:/embedded/imt course/new folder/imt_arm_course/02- tools/03- imt sdk/imt_sdk_win_64/winarm/armgcc/bin/../lib/gcc/arm-none-eabi/7.2.1/../../../../arm-none-eabi/lib/thumb/v7e-m\libc_nano.a
END GROUP
START GROUP
LOAD d:/embedded/imt course/new folder/imt_arm_course/02- tools/03- imt sdk/imt_sdk_win_64/winarm/armgcc/bin/../lib/gcc/arm-none-eabi/7.2.1/thumb/v7e-m\libgcc.a
LOAD d:/embedded/imt course/new folder/imt_arm_course/02- tools/03- imt sdk/imt_sdk_win_64/winarm/armgcc/bin/../lib/gcc/arm-none-eabi/7.2.1/../../../../arm-none-eabi/lib/thumb/v7e-m\libc_nano.a
END GROUP
                0x2000a000                __stack = (ORIGIN (RAM) + LENGTH (RAM))
                0x2000a000                _estack = __stack
                0x00000400                __Main_Stack_Size = 0x400
                [!provide]                PROVIDE (_Main_Stack_Size, __Main_Stack_Size)
                0x20009c00                __Main_Stack_Limit = (__stack - __Main_Stack_Size)
                [!provide]                PROVIDE (_Main_Stack_Limit, __Main_Stack_Limit)
                0x00000100                _Minimum_Stack_Size = 0x100
                0x2000014c                PROVIDE (_Heap_Begin, _end_noinit)
                0x20009c00                PROVIDE (_Heap_Limit, (__stack - __Main_Stack_Size))

.isr_vector     0x08000000      0x3e8
 FILL mask 0xff
                0x08000000                __vectors_start = ABSOLUTE (.)
                0x08000000                __vectors_start__ = ABSOLUTE (.)
 *(.isr_vector)
 .isr_vector    0x08000000      0x188 ./system/src/cmsis/vectors_stm32f30x.o
                0x08000000                __isr_vectors
 *(.cfmconfig)
 *(.after_vectors .after_vectors.*)
 .after_vectors
                0x08000188      0x130 ./system/src/newlib/_startup.o
                0x08000188                _start
 .after_vectors
                0x080002b8      0x12c ./system/src/cortexm/exception_handlers.o
                0x080002b8                Reset_Handler
                0x080002be                NMI_Handler
                0x080002c2                HardFault_Handler
                0x080002d6                HardFault_Handler_C
                0x08000334                MemManage_Handler
                0x08000338                BusFault_Handler
                0x0800034c                BusFault_Handler_C
                0x08000380                UsageFault_Handler
                0x08000394                UsageFault_Handler_C
                0x080003c8                SVC_Handler
                0x080003cc                DebugMon_Handler
                0x080003d0                PendSV_Handler
 .after_vectors
                0x080003e4        0x4 ./system/src/cmsis/vectors_stm32f30x.o
                0x080003e4                RTC_Alarm_IRQHandler
                0x080003e4                TIM8_TRG_COM_IRQHandler
                0x080003e4                TIM8_CC_IRQHandler
                0x080003e4                TIM1_CC_IRQHandler
                0x080003e4                USB_HP_IRQHandler
                0x080003e4                PVD_IRQHandler
                0x080003e4                EXTI3_IRQHandler
                0x080003e4                EXTI0_IRQHandler
                0x080003e4                I2C2_EV_IRQHandler
                0x080003e4                FPU_IRQHandler
                0x080003e4                EXTI2_TS_IRQHandler
                0x080003e4                TIM1_UP_TIM16_IRQHandler
                0x080003e4                ADC1_2_IRQHandler
                0x080003e4                SPI1_IRQHandler
                0x080003e4                TIM6_DAC_IRQHandler
                0x080003e4                TIM8_UP_IRQHandler
                0x080003e4                DMA2_Channel2_IRQHandler
                0x080003e4                DMA1_Channel4_IRQHandler
                0x080003e4                DMA1_Channel7_IRQHandler
                0x080003e4                CAN1_RX1_IRQHandler
                0x080003e4                UART5_IRQHandler
                0x080003e4                ADC3_IRQHandler
                0x080003e4                TIM4_IRQHandler
                0x080003e4                DMA2_Channel1_IRQHandler
                0x080003e4                I2C1_EV_IRQHandler
                0x080003e4                DMA1_Channel6_IRQHandler
                0x080003e4                UART4_IRQHandler
                0x080003e4                DMA2_Channel4_IRQHandler
                0x080003e4                TIM3_IRQHandler
                0x080003e4                RCC_IRQHandler
                0x080003e4                DMA1_Channel1_IRQHandler
                0x080003e4                Default_Handler
                0x080003e4                USBWakeUp_RMP_IRQHandler
                0x080003e4                EXTI15_10_IRQHandler
                0x080003e4                TIM7_IRQHandler
                0x080003e4                EXTI9_5_IRQHandler
                0x080003e4                TAMPER_STAMP_IRQHandler
                0x080003e4                RTC_WKUP_IRQHandler
                0x080003e4                SPI2_IRQHandler
                0x080003e4                DMA2_Channel5_IRQHandler
                0x080003e4                DMA1_Channel5_IRQHandler
                0x080003e4                USB_LP_IRQHandler
                0x080003e4                EXTI4_IRQHandler
                0x080003e4                USB_LP_CAN1_RX0_IRQHandler
                0x080003e4                TIM1_TRG_COM_TIM17_IRQHandler
                0x080003e4                USB_HP_CAN1_TX_IRQHandler
                0x080003e4                DMA1_Channel3_IRQHandler
                0x080003e4                ADC4_IRQHandler
                0x080003e4                WWDG_IRQHandler
                0x080003e4                TIM2_IRQHandler
                0x080003e4                COMP7_IRQHandler
                0x080003e4                COMP1_2_3_IRQHandler
                0x080003e4                EXTI1_IRQHandler
                0x080003e4                COMP4_5_6_IRQHandler
                0x080003e4                I2C2_ER_IRQHandler
                0x080003e4                DMA1_Channel2_IRQHandler
                0x080003e4                TIM8_BRK_IRQHandler
                0x080003e4                CAN1_SCE_IRQHandler
                0x080003e4                FLASH_IRQHandler
                0x080003e4                SPI3_IRQHandler
                0x080003e4                I2C1_ER_IRQHandler
                0x080003e4                USBWakeUp_IRQHandler
                0x080003e4                DMA2_Channel3_IRQHandler
                0x080003e4                TIM1_BRK_TIM15_IRQHandler

.inits          0x080003e8       0x28
                0x080003e8                __data_regions_array_start = .
                0x080003e8        0x4 LONG 0x80016d8 LOADADDR (.data)
                0x080003ec        0x4 LONG 0x20000000 ADDR (.data)
                0x080003f0        0x4 LONG 0x20000094 (ADDR (.data) + SIZEOF (.data))
                0x080003f4        0x4 LONG 0x80016d8 LOADADDR (.data_CCMRAM)
                0x080003f8        0x4 LONG 0x10000000 ADDR (.data_CCMRAM)
                0x080003fc        0x4 LONG 0x10000000 (ADDR (.data_CCMRAM) + SIZEOF (.data_CCMRAM))
                0x08000400                __data_regions_array_end = .
                0x08000400                __bss_regions_array_start = .
                0x08000400        0x4 LONG 0x20000094 ADDR (.bss)
                0x08000404        0x4 LONG 0x2000014c (ADDR (.bss) + SIZEOF (.bss))
                0x08000408        0x4 LONG 0x10000000 ADDR (.bss_CCMRAM)
                0x0800040c        0x4 LONG 0x10000000 (ADDR (.bss_CCMRAM) + SIZEOF (.bss_CCMRAM))
                0x08000410                __bss_regions_array_end = .
 *(.init)
 *(.fini)
                0x08000410                . = ALIGN (0x4)
                0x08000410                PROVIDE (__preinit_array_start, .)
 *(.preinit_array_sysinit .preinit_array_sysinit.*)
 *(.preinit_array_platform .preinit_array_platform.*)
 *(.preinit_array .preinit_array.*)
                0x08000410                PROVIDE (__preinit_array_end, .)
                0x08000410                . = ALIGN (0x4)
                0x08000410                PROVIDE (__init_array_start, .)
 *(SORT_BY_NAME(.init_array.*))
 *(.init_array)
                0x08000410                PROVIDE (__init_array_end, .)
                0x08000410                . = ALIGN (0x4)
                0x08000410                PROVIDE (__fini_array_start, .)
 *(SORT_BY_NAME(.fini_array.*))
 *(.fini_array)
                0x08000410                PROVIDE (__fini_array_end, .)

.flashtext
 *(.flashtext .flashtext.*)

.text           0x08000410     0x12c7
 *(.text .text.*)
 .text._exit    0x08000410        0x2 ./system/src/newlib/_exit.o
                0x08000410                _exit
 *fill*         0x08000412        0x2 
 .text._sbrk    0x08000414       0x44 ./system/src/newlib/_sbrk.o
                0x08000414                _sbrk
 .text.__initialize_args
                0x08000458       0x10 ./system/src/newlib/_syscalls.o
                0x08000458                __initialize_args
 .text.trace_printf
                0x08000468       0x30 ./system/src/diag/Trace.o
                0x08000468                trace_printf
 .text._trace_write_semihosting_debug
                0x08000498       0x60 ./system/src/diag/trace_impl.o
 .text.trace_write
                0x080004f8        0x8 ./system/src/diag/trace_impl.o
                0x080004f8                trace_write
 .text.__initialize_hardware_early
                0x08000500       0x18 ./system/src/cortexm/_initialize_hardware.o
                0x08000500                __initialize_hardware_early
 .text.__initialize_hardware
                0x08000518        0x8 ./system/src/cortexm/_initialize_hardware.o
                0x08000518                __initialize_hardware
 .text.dumpExceptionStack
                0x08000520       0xf4 ./system/src/cortexm/exception_handlers.o
                0x08000520                dumpExceptionStack
 .text.isSemihosting
                0x08000614       0x20 ./system/src/cortexm/exception_handlers.o
                0x08000614                isSemihosting
 .text.SetSysClock
                0x08000634       0xb0 ./system/src/cmsis/system_stm32f30x.o
 .text.SystemInit
                0x080006e4       0x64 ./system/src/cmsis/system_stm32f30x.o
                0x080006e4                SystemInit
 .text.SystemCoreClockUpdate
                0x08000748       0x8c ./system/src/cmsis/system_stm32f30x.o
                0x08000748                SystemCoreClockUpdate
 .text.GPIO_voidSetPinMode
                0x080007d4       0xfc ./src/DIO_program.o
                0x080007d4                GPIO_voidSetPinMode
 .text.GPIO_voidsetPinValue
                0x080008d0       0x80 ./src/DIO_program.o
                0x080008d0                GPIO_voidsetPinValue
 .text.RCC_voidInitSysClock
                0x08000950       0x6c ./src/RCC_program.o
                0x08000950                RCC_voidInitSysClock
 .text.RCC_voidEnableClock
                0x080009bc       0x4c ./src/RCC_program.o
                0x080009bc                RCC_voidEnableClock
 .text.MSTK_voidInit
                0x08000a08        0xc ./src/STK_program.o
                0x08000a08                MSTK_voidInit
 .text.SysTick_Handler
                0x08000a14       0x38 ./src/STK_program.o
                0x08000a14                SysTick_Handler
 .text.USART_voidInit
                0x08000a4c      0x100 ./src/USART_program.o
                0x08000a4c                USART_voidInit
 .text.USART_voidSendCharSynch
                0x08000b4c       0x20 ./src/USART_program.o
                0x08000b4c                USART_voidSendCharSynch
 .text.USART_voidSendStringSynch
                0x08000b6c       0x1c ./src/USART_program.o
                0x08000b6c                USART_voidSendStringSynch
 .text.USART1_IRQHandler
                0x08000b88       0x4c ./src/USART_program.o
                0x08000b88                USART1_IRQHandler
 .text.USART2_IRQHandler
                0x08000bd4       0x10 ./src/USART_program.o
                0x08000bd4                USART2_IRQHandler
 .text.USART3_IRQHandler
                0x08000be4       0x10 ./src/USART_program.o
                0x08000be4                USART3_IRQHandler
 .text.main     0x08000bf4       0x78 ./src/main.o
                0x08000bf4                main
 .text.__errno  0x08000c6c        0xc d:/embedded/imt course/new folder/imt_arm_course/02- tools/03- imt sdk/imt_sdk_win_64/winarm/armgcc/bin/../lib/gcc/arm-none-eabi/7.2.1/../../../../arm-none-eabi/lib/thumb/v7e-m\libg_nano.a(lib_a-errno.o)
                0x08000c6c                __errno
 .text._vsnprintf_r
                0x08000c78       0x58 d:/embedded/imt course/new folder/imt_arm_course/02- tools/03- imt sdk/imt_sdk_win_64/winarm/armgcc/bin/../lib/gcc/arm-none-eabi/7.2.1/../../../../arm-none-eabi/lib/thumb/v7e-m\libg_nano.a(lib_a-vsnprintf.o)
                0x08000c78                _vsniprintf_r
                0x08000c78                _vsnprintf_r
 .text.vsnprintf
                0x08000cd0       0x1c d:/embedded/imt course/new folder/imt_arm_course/02- tools/03- imt sdk/imt_sdk_win_64/winarm/armgcc/bin/../lib/gcc/arm-none-eabi/7.2.1/../../../../arm-none-eabi/lib/thumb/v7e-m\libg_nano.a(lib_a-vsnprintf.o)
                0x08000cd0                vsniprintf
                0x08000cd0                vsnprintf
 .text.__ssputs_r
                0x08000cec       0xb4 d:/embedded/imt course/new folder/imt_arm_course/02- tools/03- imt sdk/imt_sdk_win_64/winarm/armgcc/bin/../lib/gcc/arm-none-eabi/7.2.1/../../../../arm-none-eabi/lib/thumb/v7e-m\libg_nano.a(lib_a-nano-svfprintf.o)
                0x08000cec                __ssputs_r
 .text._svfprintf_r
                0x08000da0      0x1ec d:/embedded/imt course/new folder/imt_arm_course/02- tools/03- imt sdk/imt_sdk_win_64/winarm/armgcc/bin/../lib/gcc/arm-none-eabi/7.2.1/../../../../arm-none-eabi/lib/thumb/v7e-m\libg_nano.a(lib_a-nano-svfprintf.o)
                0x08000da0                _svfiprintf_r
                0x08000da0                _svfprintf_r
 .text._printf_common
                0x08000f8c       0xea d:/embedded/imt course/new folder/imt_arm_course/02- tools/03- imt sdk/imt_sdk_win_64/winarm/armgcc/bin/../lib/gcc/arm-none-eabi/7.2.1/../../../../arm-none-eabi/lib/thumb/v7e-m\libg_nano.a(lib_a-nano-vfprintf_i.o)
                0x08000f8c                _printf_common
 *fill*         0x08001076        0x2 
 .text._printf_i
                0x08001078      0x224 d:/embedded/imt course/new folder/imt_arm_course/02- tools/03- imt sdk/imt_sdk_win_64/winarm/armgcc/bin/../lib/gcc/arm-none-eabi/7.2.1/../../../../arm-none-eabi/lib/thumb/v7e-m\libg_nano.a(lib_a-nano-vfprintf_i.o)
                0x08001078                _printf_i
 *fill*         0x0800129c        0x4 
 .text          0x080012a0       0xa0 d:/embedded/imt course/new folder/imt_arm_course/02- tools/03- imt sdk/imt_sdk_win_64/winarm/armgcc/bin/../lib/gcc/arm-none-eabi/7.2.1/../../../../arm-none-eabi/lib/thumb/v7e-m\libg_nano.a(lib_a-memchr.o)
                0x080012a0                memchr
 .text.memcpy   0x08001340       0x16 d:/embedded/imt course/new folder/imt_arm_course/02- tools/03- imt sdk/imt_sdk_win_64/winarm/armgcc/bin/../lib/gcc/arm-none-eabi/7.2.1/../../../../arm-none-eabi/lib/thumb/v7e-m\libg_nano.a(lib_a-memcpy-stub.o)
                0x08001340                memcpy
 .text.memmove  0x08001356       0x32 d:/embedded/imt course/new folder/imt_arm_course/02- tools/03- imt sdk/imt_sdk_win_64/winarm/armgcc/bin/../lib/gcc/arm-none-eabi/7.2.1/../../../../arm-none-eabi/lib/thumb/v7e-m\libg_nano.a(lib_a-memmove.o)
                0x08001356                memmove
 .text._free_r  0x08001388       0x9c d:/embedded/imt course/new folder/imt_arm_course/02- tools/03- imt sdk/imt_sdk_win_64/winarm/armgcc/bin/../lib/gcc/arm-none-eabi/7.2.1/../../../../arm-none-eabi/lib/thumb/v7e-m\libg_nano.a(lib_a-nano-freer.o)
                0x08001388                _free_r
 .text._malloc_r
                0x08001424       0xb4 d:/embedded/imt course/new folder/imt_arm_course/02- tools/03- imt sdk/imt_sdk_win_64/winarm/armgcc/bin/../lib/gcc/arm-none-eabi/7.2.1/../../../../arm-none-eabi/lib/thumb/v7e-m\libg_nano.a(lib_a-nano-mallocr.o)
                0x08001424                _malloc_r
 .text._realloc_r
                0x080014d8       0x4c d:/embedded/imt course/new folder/imt_arm_course/02- tools/03- imt sdk/imt_sdk_win_64/winarm/armgcc/bin/../lib/gcc/arm-none-eabi/7.2.1/../../../../arm-none-eabi/lib/thumb/v7e-m\libg_nano.a(lib_a-nano-reallocr.o)
                0x080014d8                _realloc_r
 .text._sbrk_r  0x08001524       0x20 d:/embedded/imt course/new folder/imt_arm_course/02- tools/03- imt sdk/imt_sdk_win_64/winarm/armgcc/bin/../lib/gcc/arm-none-eabi/7.2.1/../../../../arm-none-eabi/lib/thumb/v7e-m\libg_nano.a(lib_a-sbrkr.o)
                0x08001524                _sbrk_r
 .text.__malloc_lock
                0x08001544        0x2 d:/embedded/imt course/new folder/imt_arm_course/02- tools/03- imt sdk/imt_sdk_win_64/winarm/armgcc/bin/../lib/gcc/arm-none-eabi/7.2.1/../../../../arm-none-eabi/lib/thumb/v7e-m\libg_nano.a(lib_a-mlock.o)
                0x08001544                __malloc_lock
 .text.__malloc_unlock
                0x08001546        0x2 d:/embedded/imt course/new folder/imt_arm_course/02- tools/03- imt sdk/imt_sdk_win_64/winarm/armgcc/bin/../lib/gcc/arm-none-eabi/7.2.1/../../../../arm-none-eabi/lib/thumb/v7e-m\libg_nano.a(lib_a-mlock.o)
                0x08001546                __malloc_unlock
 .text._malloc_usable_size_r
                0x08001548       0x10 d:/embedded/imt course/new folder/imt_arm_course/02- tools/03- imt sdk/imt_sdk_win_64/winarm/armgcc/bin/../lib/gcc/arm-none-eabi/7.2.1/../../../../arm-none-eabi/lib/thumb/v7e-m\libg_nano.a(lib_a-nano-msizer.o)
                0x08001548                _malloc_usable_size_r
 *(.rodata .rodata.* .constdata .constdata.*)
 .rodata.dumpExceptionStack.str1.4
                0x08001558      0x11a ./system/src/cortexm/exception_handlers.o
 *fill*         0x08001672        0x2 
 .rodata.str1.4
                0x08001674       0x2a ./system/src/cortexm/exception_handlers.o
 *fill*         0x0800169e        0x2 
 .rodata.main.str1.4
                0x080016a0        0x4 ./src/main.o
                                  0x3 (size before relaxing)
 .rodata._svfprintf_r.str1.1
                0x080016a4       0x11 d:/embedded/imt course/new folder/imt_arm_course/02- tools/03- imt sdk/imt_sdk_win_64/winarm/armgcc/bin/../lib/gcc/arm-none-eabi/7.2.1/../../../../arm-none-eabi/lib/thumb/v7e-m\libg_nano.a(lib_a-nano-svfprintf.o)
 .rodata._printf_i.str1.1
                0x080016b5       0x22 d:/embedded/imt course/new folder/imt_arm_course/02- tools/03- imt sdk/imt_sdk_win_64/winarm/armgcc/bin/../lib/gcc/arm-none-eabi/7.2.1/../../../../arm-none-eabi/lib/thumb/v7e-m\libg_nano.a(lib_a-nano-vfprintf_i.o)
 *(vtable)
 *(.eh_frame*)
 *(.glue_7)
 .glue_7        0x080016d7        0x0 linker stubs
 *(.glue_7t)
 .glue_7t       0x080016d7        0x0 linker stubs

.vfp11_veneer   0x080016d8        0x0
 .vfp11_veneer  0x080016d8        0x0 linker stubs

.v4_bx          0x080016d8        0x0
 .v4_bx         0x080016d8        0x0 linker stubs

.iplt           0x080016d8        0x0
 .iplt          0x080016d8        0x0 ./system/src/newlib/_exit.o

.rel.dyn        0x080016d8        0x0
 .rel.iplt      0x080016d8        0x0 ./system/src/newlib/_exit.o

.ARM.extab
 *(.ARM.extab* .gnu.linkonce.armextab.*)
                0x080016d8                . = ALIGN (0x4)
                0x080016d8                __exidx_start = .

.ARM.exidx
 *(.ARM.exidx* .gnu.linkonce.armexidx.*)
                0x080016d8                __exidx_end = .
                0x080016d8                . = ALIGN (0x4)
                0x080016d8                _etext = .
                0x080016d8                __etext = .

.data_CCMRAM    0x10000000        0x0 load address 0x080016d8
 FILL mask 0xff
 *(.data.CCMRAM .data.CCMRAM.*)
                0x10000000                . = ALIGN (0x4)
                0x080016d8                _sidata = LOADADDR (.data)

.data           0x20000000       0x94 load address 0x080016d8
 FILL mask 0xff
                0x20000000                _sdata = .
                0x20000000                __data_start__ = .
 *(.data_begin .data_begin.*)
 .data_begin    0x20000000        0x4 ./system/src/newlib/_startup.o
 *(.data .data.*)
 .data.argv.4310
                0x20000004        0x8 ./system/src/newlib/_syscalls.o
 .data.AHBPrescTable
                0x2000000c       0x10 ./system/src/cmsis/system_stm32f30x.o
                0x2000000c                AHBPrescTable
 .data.SystemCoreClock
                0x2000001c        0x4 ./system/src/cmsis/system_stm32f30x.o
                0x2000001c                SystemCoreClock
 .data.UARTx    0x20000020        0xc ./src/USART_program.o
                0x20000020                UARTx
 .data._impure_ptr
                0x2000002c        0x4 d:/embedded/imt course/new folder/imt_arm_course/02- tools/03- imt sdk/imt_sdk_win_64/winarm/armgcc/bin/../lib/gcc/arm-none-eabi/7.2.1/../../../../arm-none-eabi/lib/thumb/v7e-m\libg_nano.a(lib_a-impure.o)
                0x2000002c                _impure_ptr
 .data.impure_data
                0x20000030       0x60 d:/embedded/imt course/new folder/imt_arm_course/02- tools/03- imt sdk/imt_sdk_win_64/winarm/armgcc/bin/../lib/gcc/arm-none-eabi/7.2.1/../../../../arm-none-eabi/lib/thumb/v7e-m\libg_nano.a(lib_a-impure.o)
 *(.data_end .data_end.*)
 .data_end      0x20000090        0x4 ./system/src/newlib/_startup.o
                0x20000094                . = ALIGN (0x4)
                0x20000094                _edata = .
                0x20000094                __data_end__ = .

.igot.plt       0x20000094        0x0 load address 0x0800176c
 .igot.plt      0x20000094        0x0 ./system/src/newlib/_exit.o

.bss_CCMRAM     0x10000000        0x0
 *(.bss.CCMRAM .bss.CCMRAM.*)

.bss            0x20000094       0xb8
                0x20000094                __bss_start__ = .
                0x20000094                _sbss = .
 *(.bss_begin .bss_begin.*)
 .bss_begin     0x20000094        0x4 ./system/src/newlib/_startup.o
 *(.bss .bss.*)
 .bss.current_heap_end.3961
                0x20000098        0x4 ./system/src/newlib/_sbrk.o
 .bss.name.4309
                0x2000009c        0x1 ./system/src/newlib/_syscalls.o
 *fill*         0x2000009d        0x3 
 .bss.buf.5205  0x200000a0       0x80 ./system/src/diag/Trace.o
 .bss.MSTK_CallBack
                0x20000120        0x4 ./src/STK_program.o
 .bss.MSTK_u8ModeOfInterval
                0x20000124        0x1 ./src/STK_program.o
 *fill*         0x20000125        0x3 
 .bss.UART_Fptr
                0x20000128        0xc ./src/USART_program.o
 .bss.__malloc_free_list
                0x20000134        0x4 d:/embedded/imt course/new folder/imt_arm_course/02- tools/03- imt sdk/imt_sdk_win_64/winarm/armgcc/bin/../lib/gcc/arm-none-eabi/7.2.1/../../../../arm-none-eabi/lib/thumb/v7e-m\libg_nano.a(lib_a-nano-mallocr.o)
                0x20000134                __malloc_free_list
 .bss.__malloc_sbrk_start
                0x20000138        0x4 d:/embedded/imt course/new folder/imt_arm_course/02- tools/03- imt sdk/imt_sdk_win_64/winarm/armgcc/bin/../lib/gcc/arm-none-eabi/7.2.1/../../../../arm-none-eabi/lib/thumb/v7e-m\libg_nano.a(lib_a-nano-mallocr.o)
                0x20000138                __malloc_sbrk_start
 *(COMMON)
 COMMON         0x2000013c        0x4 ./system/src/newlib/_syscalls.o
                0x2000013c                errno
 COMMON         0x20000140        0x6 ./src/main.o
                0x20000140                UART_Config
 *(.bss_end .bss_end.*)
 *fill*         0x20000146        0x2 
 .bss_end       0x20000148        0x4 ./system/src/newlib/_startup.o
                0x2000014c                . = ALIGN (0x4)
                0x2000014c                __bss_end__ = .
                0x2000014c                _ebss = .

.noinit_CCMRAM
 *(.noinit.CCMRAM .noinit.CCMRAM.*)

.noinit         0x2000014c        0x0
                0x2000014c                _noinit = .
 *(.noinit .noinit.*)
                0x2000014c                . = ALIGN (0x4)
                0x2000014c                _end_noinit = .
                [!provide]                PROVIDE (end, _end_noinit)
                [!provide]                PROVIDE (_end, _end_noinit)
                [!provide]                PROVIDE (__end, _end_noinit)
                [!provide]                PROVIDE (__end__, _end_noinit)

._check_stack   0x2000014c      0x100
                0x2000024c                . = (. + _Minimum_Stack_Size)
 *fill*         0x2000014c      0x100 

.b1text
 *(.b1text)
 *(.b1rodata)
 *(.b1rodata.*)

.eb0text
 *(.eb0text)
 *(.eb0rodata)
 *(.eb0rodata.*)

.eb1text
 *(.eb1text)
 *(.eb1rodata)
 *(.eb1rodata.*)

.eb2text
 *(.eb2text)
 *(.eb2rodata)
 *(.eb2rodata.*)

.eb3text
 *(.eb3text)
 *(.eb3rodata)
 *(.eb3rodata.*)

.stab
 *(.stab)

.stabstr
 *(.stabstr)

.stab.excl
 *(.stab.excl)

.stab.exclstr
 *(.stab.exclstr)

.stab.index
 *(.stab.index)

.stab.indexstr
 *(.stab.indexstr)

.comment        0x00000000       0x7e
 *(.comment)
 .comment       0x00000000       0x7e ./system/src/newlib/_exit.o
                                 0x7f (size before relaxing)
 .comment       0x0000007e       0x7f ./system/src/newlib/_sbrk.o
 .comment       0x0000007e       0x7f ./system/src/newlib/_startup.o
 .comment       0x0000007e       0x7f ./system/src/newlib/_syscalls.o
 .comment       0x0000007e       0x7f ./system/src/diag/Trace.o
 .comment       0x0000007e       0x7f ./system/src/diag/trace_impl.o
 .comment       0x0000007e       0x7f ./system/src/cortexm/_initialize_hardware.o
 .comment       0x0000007e       0x7f ./system/src/cortexm/exception_handlers.o
 .comment       0x0000007e       0x7f ./system/src/cmsis/system_stm32f30x.o
 .comment       0x0000007e       0x7f ./system/src/cmsis/vectors_stm32f30x.o
 .comment       0x0000007e       0x7f ./src/DIO_program.o
 .comment       0x0000007e       0x7f ./src/RCC_program.o
 .comment       0x0000007e       0x7f ./src/STK_program.o
 .comment       0x0000007e       0x7f ./src/USART_program.o
 .comment       0x0000007e       0x7f ./src/main.o

.ARM.attributes
                0x00000000       0x31
 .ARM.attributes
                0x00000000       0x33 ./system/src/newlib/_exit.o
 .ARM.attributes
                0x00000033       0x33 ./system/src/newlib/_sbrk.o
 .ARM.attributes
                0x00000066       0x33 ./system/src/newlib/_startup.o
 .ARM.attributes
                0x00000099       0x33 ./system/src/newlib/_syscalls.o
 .ARM.attributes
                0x000000cc       0x33 ./system/src/diag/Trace.o
 .ARM.attributes
                0x000000ff       0x33 ./system/src/diag/trace_impl.o
 .ARM.attributes
                0x00000132       0x33 ./system/src/cortexm/_initialize_hardware.o
 .ARM.attributes
                0x00000165       0x33 ./system/src/cortexm/exception_handlers.o
 .ARM.attributes
                0x00000198       0x33 ./system/src/cmsis/system_stm32f30x.o
 .ARM.attributes
                0x000001cb       0x33 ./system/src/cmsis/vectors_stm32f30x.o
 .ARM.attributes
                0x000001fe       0x33 ./src/DIO_program.o
 .ARM.attributes
                0x00000231       0x33 ./src/RCC_program.o
 .ARM.attributes
                0x00000264       0x33 ./src/STK_program.o
 .ARM.attributes
                0x00000297       0x33 ./src/USART_program.o
 .ARM.attributes
                0x000002ca       0x33 ./src/main.o
 .ARM.attributes
                0x000002fd       0x2e d:/embedded/imt course/new folder/imt_arm_course/02- tools/03- imt sdk/imt_sdk_win_64/winarm/armgcc/bin/../lib/gcc/arm-none-eabi/7.2.1/../../../../arm-none-eabi/lib/thumb/v7e-m\libg_nano.a(lib_a-errno.o)
 .ARM.attributes
                0x0000032b       0x2e d:/embedded/imt course/new folder/imt_arm_course/02- tools/03- imt sdk/imt_sdk_win_64/winarm/armgcc/bin/../lib/gcc/arm-none-eabi/7.2.1/../../../../arm-none-eabi/lib/thumb/v7e-m\libg_nano.a(lib_a-impure.o)
 .ARM.attributes
                0x00000359       0x2e d:/embedded/imt course/new folder/imt_arm_course/02- tools/03- imt sdk/imt_sdk_win_64/winarm/armgcc/bin/../lib/gcc/arm-none-eabi/7.2.1/../../../../arm-none-eabi/lib/thumb/v7e-m\libg_nano.a(lib_a-vsnprintf.o)
 .ARM.attributes
                0x00000387       0x2e d:/embedded/imt course/new folder/imt_arm_course/02- tools/03- imt sdk/imt_sdk_win_64/winarm/armgcc/bin/../lib/gcc/arm-none-eabi/7.2.1/../../../../arm-none-eabi/lib/thumb/v7e-m\libg_nano.a(lib_a-nano-svfprintf.o)
 .ARM.attributes
                0x000003b5       0x2e d:/embedded/imt course/new folder/imt_arm_course/02- tools/03- imt sdk/imt_sdk_win_64/winarm/armgcc/bin/../lib/gcc/arm-none-eabi/7.2.1/../../../../arm-none-eabi/lib/thumb/v7e-m\libg_nano.a(lib_a-nano-vfprintf_i.o)
 .ARM.attributes
                0x000003e3       0x1c d:/embedded/imt course/new folder/imt_arm_course/02- tools/03- imt sdk/imt_sdk_win_64/winarm/armgcc/bin/../lib/gcc/arm-none-eabi/7.2.1/../../../../arm-none-eabi/lib/thumb/v7e-m\libg_nano.a(lib_a-memchr.o)
 .ARM.attributes
                0x000003ff       0x2e d:/embedded/imt course/new folder/imt_arm_course/02- tools/03- imt sdk/imt_sdk_win_64/winarm/armgcc/bin/../lib/gcc/arm-none-eabi/7.2.1/../../../../arm-none-eabi/lib/thumb/v7e-m\libg_nano.a(lib_a-memcpy-stub.o)
 .ARM.attributes
                0x0000042d       0x2e d:/embedded/imt course/new folder/imt_arm_course/02- tools/03- imt sdk/imt_sdk_win_64/winarm/armgcc/bin/../lib/gcc/arm-none-eabi/7.2.1/../../../../arm-none-eabi/lib/thumb/v7e-m\libg_nano.a(lib_a-memmove.o)
 .ARM.attributes
                0x0000045b       0x2e d:/embedded/imt course/new folder/imt_arm_course/02- tools/03- imt sdk/imt_sdk_win_64/winarm/armgcc/bin/../lib/gcc/arm-none-eabi/7.2.1/../../../../arm-none-eabi/lib/thumb/v7e-m\libg_nano.a(lib_a-nano-freer.o)
 .ARM.attributes
                0x00000489       0x2e d:/embedded/imt course/new folder/imt_arm_course/02- tools/03- imt sdk/imt_sdk_win_64/winarm/armgcc/bin/../lib/gcc/arm-none-eabi/7.2.1/../../../../arm-none-eabi/lib/thumb/v7e-m\libg_nano.a(lib_a-nano-mallocr.o)
 .ARM.attributes
                0x000004b7       0x2e d:/embedded/imt course/new folder/imt_arm_course/02- tools/03- imt sdk/imt_sdk_win_64/winarm/armgcc/bin/../lib/gcc/arm-none-eabi/7.2.1/../../../../arm-none-eabi/lib/thumb/v7e-m\libg_nano.a(lib_a-nano-reallocr.o)
 .ARM.attributes
                0x000004e5       0x2e d:/embedded/imt course/new folder/imt_arm_course/02- tools/03- imt sdk/imt_sdk_win_64/winarm/armgcc/bin/../lib/gcc/arm-none-eabi/7.2.1/../../../../arm-none-eabi/lib/thumb/v7e-m\libg_nano.a(lib_a-sbrkr.o)
 .ARM.attributes
                0x00000513       0x2e d:/embedded/imt course/new folder/imt_arm_course/02- tools/03- imt sdk/imt_sdk_win_64/winarm/armgcc/bin/../lib/gcc/arm-none-eabi/7.2.1/../../../../arm-none-eabi/lib/thumb/v7e-m\libg_nano.a(lib_a-mlock.o)
 .ARM.attributes
                0x00000541       0x2e d:/embedded/imt course/new folder/imt_arm_course/02- tools/03- imt sdk/imt_sdk_win_64/winarm/armgcc/bin/../lib/gcc/arm-none-eabi/7.2.1/../../../../arm-none-eabi/lib/thumb/v7e-m\libg_nano.a(lib_a-nano-msizer.o)

.debug
 *(.debug)

.line
 *(.line)

.debug_srcinfo
 *(.debug_srcinfo)

.debug_sfnames
 *(.debug_sfnames)

.debug_aranges  0x00000000      0x400
 *(.debug_aranges)
 .debug_aranges
                0x00000000       0x28 ./system/src/newlib/_exit.o
 .debug_aranges
                0x00000028       0x20 ./system/src/newlib/_sbrk.o
 .debug_aranges
                0x00000048       0x40 ./system/src/newlib/_startup.o
 .debug_aranges
                0x00000088       0x30 ./system/src/newlib/_syscalls.o
 .debug_aranges
                0x000000b8       0x38 ./system/src/diag/Trace.o
 .debug_aranges
                0x000000f0       0x30 ./system/src/diag/trace_impl.o
 .debug_aranges
                0x00000120       0x28 ./system/src/cortexm/_initialize_hardware.o
 .debug_aranges
                0x00000148       0x90 ./system/src/cortexm/exception_handlers.o
 .debug_aranges
                0x000001d8       0x30 ./system/src/cmsis/system_stm32f30x.o
 .debug_aranges
                0x00000208       0x20 ./system/src/cmsis/vectors_stm32f30x.o
 .debug_aranges
                0x00000228       0x58 ./src/DIO_program.o
 .debug_aranges
                0x00000280       0x30 ./src/RCC_program.o
 .debug_aranges
                0x000002b0       0x58 ./src/STK_program.o
 .debug_aranges
                0x00000308       0xd8 ./src/USART_program.o
 .debug_aranges
                0x000003e0       0x20 ./src/main.o

.debug_pubnames
 *(.debug_pubnames)

.debug_info     0x00000000     0x5c4a
 *(.debug_info .gnu.linkonce.wi.*)
 .debug_info    0x00000000      0x956 ./system/src/newlib/_exit.o
 .debug_info    0x00000956      0x942 ./system/src/newlib/_sbrk.o
 .debug_info    0x00001298      0x4bf ./system/src/newlib/_startup.o
 .debug_info    0x00001757      0xa19 ./system/src/newlib/_syscalls.o
 .debug_info    0x00002170      0xb2a ./system/src/diag/Trace.o
 .debug_info    0x00002c9a      0x363 ./system/src/diag/trace_impl.o
 .debug_info    0x00002ffd      0x2b5 ./system/src/cortexm/_initialize_hardware.o
 .debug_info    0x000032b2     0x115a ./system/src/cortexm/exception_handlers.o
 .debug_info    0x0000440c      0x4a6 ./system/src/cmsis/system_stm32f30x.o
 .debug_info    0x000048b2       0xca ./system/src/cmsis/vectors_stm32f30x.o
 .debug_info    0x0000497c      0x3ed ./src/DIO_program.o
 .debug_info    0x00004d69       0xe2 ./src/RCC_program.o
 .debug_info    0x00004e4b      0x1e9 ./src/STK_program.o
 .debug_info    0x00005034      0x81a ./src/USART_program.o
 .debug_info    0x0000584e      0x3fc ./src/main.o

.debug_abbrev   0x00000000     0x17b2
 *(.debug_abbrev)
 .debug_abbrev  0x00000000      0x1f3 ./system/src/newlib/_exit.o
 .debug_abbrev  0x000001f3      0x1fc ./system/src/newlib/_sbrk.o
 .debug_abbrev  0x000003ef      0x1cb ./system/src/newlib/_startup.o
 .debug_abbrev  0x000005ba      0x234 ./system/src/newlib/_syscalls.o
 .debug_abbrev  0x000007ee      0x276 ./system/src/diag/Trace.o
 .debug_abbrev  0x00000a64      0x1e2 ./system/src/diag/trace_impl.o
 .debug_abbrev  0x00000c46       0xea ./system/src/cortexm/_initialize_hardware.o
 .debug_abbrev  0x00000d30      0x32b ./system/src/cortexm/exception_handlers.o
 .debug_abbrev  0x0000105b      0x177 ./system/src/cmsis/system_stm32f30x.o
 .debug_abbrev  0x000011d2       0x9d ./system/src/cmsis/vectors_stm32f30x.o
 .debug_abbrev  0x0000126f      0x100 ./src/DIO_program.o
 .debug_abbrev  0x0000136f       0x70 ./src/RCC_program.o
 .debug_abbrev  0x000013df      0x12f ./src/STK_program.o
 .debug_abbrev  0x0000150e      0x1cb ./src/USART_program.o
 .debug_abbrev  0x000016d9       0xd9 ./src/main.o

.debug_line     0x00000000     0x34c9
 *(.debug_line)
 .debug_line    0x00000000      0x407 ./system/src/newlib/_exit.o
 .debug_line    0x00000407      0x3bb ./system/src/newlib/_sbrk.o
 .debug_line    0x000007c2      0x483 ./system/src/newlib/_startup.o
 .debug_line    0x00000c45      0x4ff ./system/src/newlib/_syscalls.o
 .debug_line    0x00001144      0x483 ./system/src/diag/Trace.o
 .debug_line    0x000015c7      0x6fc ./system/src/diag/trace_impl.o
 .debug_line    0x00001cc3      0x3ae ./system/src/cortexm/_initialize_hardware.o
 .debug_line    0x00002071      0x7be ./system/src/cortexm/exception_handlers.o
 .debug_line    0x0000282f      0x3f8 ./system/src/cmsis/system_stm32f30x.o
 .debug_line    0x00002c27      0x12e ./system/src/cmsis/vectors_stm32f30x.o
 .debug_line    0x00002d55      0x19e ./src/DIO_program.o
 .debug_line    0x00002ef3       0xe8 ./src/RCC_program.o
 .debug_line    0x00002fdb      0x138 ./src/STK_program.o
 .debug_line    0x00003113      0x2e9 ./src/USART_program.o
 .debug_line    0x000033fc       0xcd ./src/main.o

.debug_frame    0x00000000      0xaa8
 *(.debug_frame)
 .debug_frame   0x00000000       0x38 ./system/src/newlib/_exit.o
 .debug_frame   0x00000038       0x28 ./system/src/newlib/_sbrk.o
 .debug_frame   0x00000060       0x7c ./system/src/newlib/_startup.o
 .debug_frame   0x000000dc       0x50 ./system/src/newlib/_syscalls.o
 .debug_frame   0x0000012c       0x94 ./system/src/diag/Trace.o
 .debug_frame   0x000001c0       0x64 ./system/src/diag/trace_impl.o
 .debug_frame   0x00000224       0x40 ./system/src/cortexm/_initialize_hardware.o
 .debug_frame   0x00000264      0x158 ./system/src/cortexm/exception_handlers.o
 .debug_frame   0x000003bc       0x54 ./system/src/cmsis/system_stm32f30x.o
 .debug_frame   0x00000410       0x20 ./system/src/cmsis/vectors_stm32f30x.o
 .debug_frame   0x00000430       0xb4 ./src/DIO_program.o
 .debug_frame   0x000004e4       0x40 ./src/RCC_program.o
 .debug_frame   0x00000524       0x98 ./src/STK_program.o
 .debug_frame   0x000005bc      0x1fc ./src/USART_program.o
 .debug_frame   0x000007b8       0x28 ./src/main.o
 .debug_frame   0x000007e0       0x20 d:/embedded/imt course/new folder/imt_arm_course/02- tools/03- imt sdk/imt_sdk_win_64/winarm/armgcc/bin/../lib/gcc/arm-none-eabi/7.2.1/../../../../arm-none-eabi/lib/thumb/v7e-m\libg_nano.a(lib_a-errno.o)
 .debug_frame   0x00000800       0x4c d:/embedded/imt course/new folder/imt_arm_course/02- tools/03- imt sdk/imt_sdk_win_64/winarm/armgcc/bin/../lib/gcc/arm-none-eabi/7.2.1/../../../../arm-none-eabi/lib/thumb/v7e-m\libg_nano.a(lib_a-vsnprintf.o)
 .debug_frame   0x0000084c       0x90 d:/embedded/imt course/new folder/imt_arm_course/02- tools/03- imt sdk/imt_sdk_win_64/winarm/armgcc/bin/../lib/gcc/arm-none-eabi/7.2.1/../../../../arm-none-eabi/lib/thumb/v7e-m\libg_nano.a(lib_a-nano-svfprintf.o)
 .debug_frame   0x000008dc       0x60 d:/embedded/imt course/new folder/imt_arm_course/02- tools/03- imt sdk/imt_sdk_win_64/winarm/armgcc/bin/../lib/gcc/arm-none-eabi/7.2.1/../../../../arm-none-eabi/lib/thumb/v7e-m\libg_nano.a(lib_a-nano-vfprintf_i.o)
 .debug_frame   0x0000093c       0x28 d:/embedded/imt course/new folder/imt_arm_course/02- tools/03- imt sdk/imt_sdk_win_64/winarm/armgcc/bin/../lib/gcc/arm-none-eabi/7.2.1/../../../../arm-none-eabi/lib/thumb/v7e-m\libg_nano.a(lib_a-memcpy-stub.o)
 .debug_frame   0x00000964       0x28 d:/embedded/imt course/new folder/imt_arm_course/02- tools/03- imt sdk/imt_sdk_win_64/winarm/armgcc/bin/../lib/gcc/arm-none-eabi/7.2.1/../../../../arm-none-eabi/lib/thumb/v7e-m\libg_nano.a(lib_a-memmove.o)
 .debug_frame   0x0000098c       0x38 d:/embedded/imt course/new folder/imt_arm_course/02- tools/03- imt sdk/imt_sdk_win_64/winarm/armgcc/bin/../lib/gcc/arm-none-eabi/7.2.1/../../../../arm-none-eabi/lib/thumb/v7e-m\libg_nano.a(lib_a-nano-freer.o)
 .debug_frame   0x000009c4       0x2c d:/embedded/imt course/new folder/imt_arm_course/02- tools/03- imt sdk/imt_sdk_win_64/winarm/armgcc/bin/../lib/gcc/arm-none-eabi/7.2.1/../../../../arm-none-eabi/lib/thumb/v7e-m\libg_nano.a(lib_a-nano-mallocr.o)
 .debug_frame   0x000009f0       0x3c d:/embedded/imt course/new folder/imt_arm_course/02- tools/03- imt sdk/imt_sdk_win_64/winarm/armgcc/bin/../lib/gcc/arm-none-eabi/7.2.1/../../../../arm-none-eabi/lib/thumb/v7e-m\libg_nano.a(lib_a-nano-reallocr.o)
 .debug_frame   0x00000a2c       0x2c d:/embedded/imt course/new folder/imt_arm_course/02- tools/03- imt sdk/imt_sdk_win_64/winarm/armgcc/bin/../lib/gcc/arm-none-eabi/7.2.1/../../../../arm-none-eabi/lib/thumb/v7e-m\libg_nano.a(lib_a-sbrkr.o)
 .debug_frame   0x00000a58       0x30 d:/embedded/imt course/new folder/imt_arm_course/02- tools/03- imt sdk/imt_sdk_win_64/winarm/armgcc/bin/../lib/gcc/arm-none-eabi/7.2.1/../../../../arm-none-eabi/lib/thumb/v7e-m\libg_nano.a(lib_a-mlock.o)
 .debug_frame   0x00000a88       0x20 d:/embedded/imt course/new folder/imt_arm_course/02- tools/03- imt sdk/imt_sdk_win_64/winarm/armgcc/bin/../lib/gcc/arm-none-eabi/7.2.1/../../../../arm-none-eabi/lib/thumb/v7e-m\libg_nano.a(lib_a-nano-msizer.o)

.debug_str      0x00000000    0x5c948
 *(.debug_str)
 .debug_str     0x00000000     0x7d00 ./system/src/newlib/_exit.o
                               0x7ed3 (size before relaxing)
 .debug_str     0x00007d00      0x4f5 ./system/src/newlib/_sbrk.o
                               0x7285 (size before relaxing)
 .debug_str     0x000081f5      0xc23 ./system/src/newlib/_startup.o
                               0x6a26 (size before relaxing)
 .debug_str     0x00008e18      0xe8b ./system/src/newlib/_syscalls.o
                               0x8160 (size before relaxing)
 .debug_str     0x00009ca3      0x826 ./system/src/diag/Trace.o
                               0x864b (size before relaxing)
 .debug_str     0x0000a4c9    0x5078e ./system/src/diag/trace_impl.o
                              0x57f06 (size before relaxing)
 .debug_str     0x0005ac57       0xc4 ./system/src/cortexm/_initialize_hardware.o
                              0x53cf7 (size before relaxing)
 .debug_str     0x0005ad1b      0x1a6 ./system/src/cortexm/exception_handlers.o
                              0x5912b (size before relaxing)
 .debug_str     0x0005aec1      0x10b ./system/src/cmsis/system_stm32f30x.o
                              0x53d88 (size before relaxing)
 .debug_str     0x0005afcc       0x57 ./system/src/cmsis/vectors_stm32f30x.o
                               0x3861 (size before relaxing)
 .debug_str     0x0005b023      0x841 ./src/DIO_program.o
                               0x35a0 (size before relaxing)
 .debug_str     0x0005b864      0x9df ./src/RCC_program.o
                               0x3856 (size before relaxing)
 .debug_str     0x0005c243      0x1f1 ./src/STK_program.o
                               0x307d (size before relaxing)
 .debug_str     0x0005c434      0x506 ./src/USART_program.o
                               0x3745 (size before relaxing)
 .debug_str     0x0005c93a        0xe ./src/main.o
                               0x362c (size before relaxing)

.debug_loc      0x00000000     0x142d
 *(.debug_loc)
 .debug_loc     0x00000000       0x85 ./system/src/newlib/_sbrk.o
 .debug_loc     0x00000085      0x2cb ./system/src/newlib/_startup.o
 .debug_loc     0x00000350       0x63 ./system/src/newlib/_syscalls.o
 .debug_loc     0x000003b3       0xf6 ./system/src/diag/Trace.o
 .debug_loc     0x000004a9      0x121 ./system/src/diag/trace_impl.o
 .debug_loc     0x000005ca      0x291 ./system/src/cortexm/exception_handlers.o
 .debug_loc     0x0000085b       0xff ./system/src/cmsis/system_stm32f30x.o
 .debug_loc     0x0000095a      0x5c1 ./src/DIO_program.o
 .debug_loc     0x00000f1b      0x14c ./src/RCC_program.o
 .debug_loc     0x00001067       0x83 ./src/STK_program.o
 .debug_loc     0x000010ea      0x343 ./src/USART_program.o

.debug_macinfo
 *(.debug_macinfo)

.debug_weaknames
 *(.debug_weaknames)

.debug_funcnames
 *(.debug_funcnames)

.debug_typenames
 *(.debug_typenames)

.debug_varnames
 *(.debug_varnames)
OUTPUT(Car-ECU.elf elf32-littlearm)

.debug_ranges   0x00000000      0x3b8
 .debug_ranges  0x00000000       0x18 ./system/src/newlib/_exit.o
 .debug_ranges  0x00000018       0x10 ./system/src/newlib/_sbrk.o
 .debug_ranges  0x00000028       0x90 ./system/src/newlib/_startup.o
 .debug_ranges  0x000000b8       0x20 ./system/src/newlib/_syscalls.o
 .debug_ranges  0x000000d8       0x28 ./system/src/diag/Trace.o
 .debug_ranges  0x00000100       0x50 ./system/src/diag/trace_impl.o
 .debug_ranges  0x00000150       0x18 ./system/src/cortexm/_initialize_hardware.o
 .debug_ranges  0x00000168       0x80 ./system/src/cortexm/exception_handlers.o
 .debug_ranges  0x000001e8       0x20 ./system/src/cmsis/system_stm32f30x.o
 .debug_ranges  0x00000208       0x10 ./system/src/cmsis/vectors_stm32f30x.o
 .debug_ranges  0x00000218       0x48 ./src/DIO_program.o
 .debug_ranges  0x00000260       0x20 ./src/RCC_program.o
 .debug_ranges  0x00000280       0x48 ./src/STK_program.o
 .debug_ranges  0x000002c8       0xe0 ./src/USART_program.o
 .debug_ranges  0x000003a8       0x10 ./src/main.o

.debug_macro    0x00000000     0x363f
 .debug_macro   0x00000000      0x1b4 ./system/src/newlib/_exit.o
 .debug_macro   0x000001b4       0x9c ./system/src/newlib/_exit.o
 .debug_macro   0x00000250      0x10e ./system/src/newlib/_exit.o
 .debug_macro   0x0000035e       0x8d ./system/src/newlib/_exit.o
 .debug_macro   0x000003eb       0x43 ./system/src/newlib/_exit.o
 .debug_macro   0x0000042e      0x330 ./system/src/newlib/_exit.o
 .debug_macro   0x0000075e       0x35 ./system/src/newlib/_exit.o
 .debug_macro   0x00000793      0x169 ./system/src/newlib/_sbrk.o
 .debug_macro   0x000008fc      0x174 ./system/src/newlib/_sbrk.o
 .debug_macro   0x00000a70       0x10 ./system/src/newlib/_sbrk.o
 .debug_macro   0x00000a80      0x23b ./system/src/newlib/_sbrk.o
 .debug_macro   0x00000cbb      0x173 ./system/src/newlib/_startup.o
 .debug_macro   0x00000e2e      0xa72 ./system/src/newlib/_startup.o
 .debug_macro   0x000018a0      0x217 ./system/src/newlib/_syscalls.o
 .debug_macro   0x00001ab7       0x1c ./system/src/newlib/_syscalls.o
 .debug_macro   0x00001ad3       0x10 ./system/src/newlib/_syscalls.o
 .debug_macro   0x00001ae3       0x10 ./system/src/newlib/_syscalls.o
 .debug_macro   0x00001af3       0x10 ./system/src/newlib/_syscalls.o
 .debug_macro   0x00001b03       0x35 ./system/src/newlib/_syscalls.o
 .debug_macro   0x00001b38      0x122 ./system/src/newlib/_syscalls.o
 .debug_macro   0x00001c5a       0x88 ./system/src/newlib/_syscalls.o
 .debug_macro   0x00001ce2       0x2b ./system/src/newlib/_syscalls.o
 .debug_macro   0x00001d0d      0x118 ./system/src/newlib/_syscalls.o
 .debug_macro   0x00001e25      0x189 ./system/src/newlib/_syscalls.o
 .debug_macro   0x00001fae       0x16 ./system/src/newlib/_syscalls.o
 .debug_macro   0x00001fc4      0x1fb ./system/src/diag/Trace.o
 .debug_macro   0x000021bf       0x16 ./system/src/diag/Trace.o
 .debug_macro   0x000021d5       0x97 ./system/src/diag/Trace.o
 .debug_macro   0x0000226c       0xfd ./system/src/diag/Trace.o
 .debug_macro   0x00002369       0x10 ./system/src/diag/Trace.o
 .debug_macro   0x00002379       0x16 ./system/src/diag/Trace.o
 .debug_macro   0x0000238f      0x16f ./system/src/diag/Trace.o
 .debug_macro   0x000024fe       0x4c ./system/src/diag/Trace.o
 .debug_macro   0x0000254a       0x16 ./system/src/diag/Trace.o
 .debug_macro   0x00002560      0x2db ./system/src/diag/trace_impl.o
 .debug_macro   0x0000283b       0x10 ./system/src/diag/trace_impl.o
 .debug_macro   0x0000284b       0xcf ./system/src/diag/trace_impl.o
 .debug_macro   0x0000291a       0xbe ./system/src/diag/trace_impl.o
 .debug_macro   0x000029d8       0x22 ./system/src/diag/trace_impl.o
 .debug_macro   0x000029fa      0x16c ./system/src/cortexm/_initialize_hardware.o
 .debug_macro   0x00002b66      0x325 ./system/src/cortexm/exception_handlers.o
 .debug_macro   0x00002e8b       0x3b ./system/src/cortexm/exception_handlers.o
 .debug_macro   0x00002ec6       0x10 ./system/src/cortexm/exception_handlers.o
 .debug_macro   0x00002ed6      0x168 ./system/src/cmsis/system_stm32f30x.o
 .debug_macro   0x0000303e       0x34 ./system/src/cmsis/vectors_stm32f30x.o
 .debug_macro   0x00003072       0x4a ./src/DIO_program.o
 .debug_macro   0x000030bc       0x34 ./src/DIO_program.o
 .debug_macro   0x000030f0       0x1c ./src/DIO_program.o
 .debug_macro   0x0000310c       0x8e ./src/DIO_program.o
 .debug_macro   0x0000319a       0x49 ./src/RCC_program.o
 .debug_macro   0x000031e3      0x136 ./src/RCC_program.o
 .debug_macro   0x00003319      0x17e ./src/RCC_program.o
 .debug_macro   0x00003497       0x46 ./src/RCC_program.o
 .debug_macro   0x000034dd       0x44 ./src/STK_program.o
 .debug_macro   0x00003521       0x28 ./src/STK_program.o
 .debug_macro   0x00003549       0x10 ./src/STK_program.o
 .debug_macro   0x00003559       0x54 ./src/USART_program.o
 .debug_macro   0x000035ad       0x1c ./src/USART_program.o
 .debug_macro   0x000035c9       0x54 ./src/main.o
 .debug_macro   0x0000361d       0x22 ./src/main.o
